FAIL js/utils/__tests__/musicutils.test.js
  musicutils
    ✓ should set and get Octave Ratio (1 ms)
    getNonEDOFrequency browser runtime
      ✓ returns a ratio-temperament preview frequency without Node global (9 ms)
    musicutils core constants
      ✓ keeps NOTENAMES as the seven natural note letters
      ✓ keeps the expected solfege base syllables in SOLFEGENAMES1 without duplicates (1 ms)
      ✓ includes sharps, flats, and double accidentals in ALLNOTENAMES
      ✓ keeps major and minor mode definitions at seven steps and one octave (1 ms)
  getCurrentEDO
    ✓ should return 12 for 'equal' temperament
    ✓ should return 19 for 'equal19' temperament
    ✓ should return 12 for undefined temperament (1 ms)
    ✓ should return 12 for null temperament
    ✓ should return 12 for empty string
    ✓ should return 12 for nonexistent temperament
  Temperament Functions
    ✓ getTemperamentsList should return the list of temperaments (1 ms)
    getTemperament
      ✓ should return the correct temperament for a valid key (1 ms)
      ✓ should return the correct temperament for equal5 key
      ✓ should return the correct temperament for equal17 key
      ✓ should return the correct temperament for EDO aliases like 12-EDO and 19-EDO
      ✓ should return undefined for an invalid key
    named interval lookups
      ✓ equal resolves every name in its interval array to a distinct ratio
      ✓ equal5 resolves every name in its interval array to a distinct ratio
      ✓ equal7 resolves every name in its interval array to a distinct ratio (1 ms)
      ✓ equal17 resolves every name in its interval array to a distinct ratio
      ✓ equal19 resolves every name in its interval array to a distinct ratio
      ✓ equal31 resolves every name in its interval array to a distinct ratio
      ✓ equal17 named intervals match its ratios table and close the octave
    interval tables agree with playback
      ✓ equal prices every interval at the pitch it names (3 ms)
      ✓ equal17 prices every interval at the pitch it names (11 ms)
      ✓ equal19 prices every interval at the pitch it names (2 ms)
      ✓ 1/3 comma meantone prices every interval at the pitch it names (1 ms)
      ✓ 1/4 comma meantone prices every interval at the pitch it names (2 ms)
      ✓ equal19 spells the step between augmented 4 and perfect 5 (1 ms)
      ✓ equal17 orders its first chromatic steps sharp before flat
      ✓ 1/4 comma meantone labels each ratio with a distinct note
    getTemperamentKeys
      ✓ should return an array with the correct length
      ✓ should return an array containing all keys
    addTemperamentToList
      ✓ adds a new entry to TEMPERAMENTS if not predefined (1 ms)
      ✓ does not add a duplicate entry if already present
    addTemperamentToDictionary
      ✓ add the new entry to temparment
    deleteTemperamentFromList
      ✓ removes an entry from TEMPERAMENT by key
      ✓ does nothing if the key does not exist
    updateTemperaments
      ✓ should reset TEMPERAMENTS to INITIALTEMPERAMENTS (1 ms)
  Constants
    ✓ should have correct default values
  customMode
    ✓ should return custom mode from MUSICALMODES
  getInvertMode
    ✓ should return the correct invert mode name (1 ms)
  getIntervalNumber
    ✓ should return the number of semi-tones for a given interval
  getIntervalDirection
    ✓ should return the direction of the interval (1 ms)
  getIntervalRatio
    ✓ should return the ratio for a given interval
    ✓ should return the just diminished seventh for diminished 7
    ✓ should keep every diminished ratio the octave inversion of its augmented complement (6 ms)
    ✓ should keep every ratio within half a semitone of its semitone count (2 ms)
  getModeNumbers
    ✓ should return the correct mode numbers for a valid mode
    ✓ should return an empty string for an invalid mode
    ✓ should handle custom mode correctly (1 ms)
  getDrum
    getDrumIndex
      ✓ should return the index of a valid drum name
      ✓ should return -1 for an invalid drum name
      ✓ should return the index of the DEFAULTDRUM for empty input
      ✓ should ignore case sensitivity when matching drum names
      ✓ should return null for names starting with "http"
    getDrumName
      ✓ should return the name of a valid drum
      ✓ should return the DEFAULTDRUM name for empty input
      ✓ should return null for names starting with "http" (1 ms)
      ✓ should ignore case sensitivity when matching drum names
      ✓ should return null for an invalid drum name
      ✓ should match the second element of DRUMNAMES if provided
    getDrumSymbol
      ✓ should return the correct symbol for a valid drum name
      ✓ should return "hh" for an empty name
      ✓ should return "hh" for an invalid drum name
      ✓ should return the symbol for a name matching the second element of DRUMNAMES
      ✓ should ignore case sensitivity when matching drum names
  getFilterTypes
    ✓ should return default filter type
    ✓ should return correct filter types
  getOscillatorTypes
    ✓ should return correct oscillator type for valid display names
    ✓ should handle case insensitive matching
    ✓ should return null for invalid oscillator types (1 ms)
  getDrumIcon
    ✓ should return correct icon path for exact drum names
    ✓ should handle case insensitive matching
    ✓ should return default drum icon for invalid drum names
  getDrumSynthName
    ✓ should return correct synth name for exact matches (1 ms)
    ✓ should return null for null
  getNoiseName
    ✓ should return display name of default noise for empty string
    ✓ should return corresponding display name for valid identifiers
  getNoiseIcon
    ✓ should return icon path for default noise when input is empty
    ✓ should return correct icon path when searching by display name
    ✓ should return correct icon path when searching by identifier (1 ms)
    ✓ should handle custom noise with empty display name
    ✓ should return default synth.svg for non-existent noise names
    ✓ should be case sensitive for noise names
  ratioToWheelAngle
    ✓ returns 270 degrees for unison (ratio === base^0)
    ✓ returns 630 degrees (270 + 360) for one full octave (ratio === base)
    ✓ returns 450 degrees (270 + 180) for a half octave (ratio === sqrt(base))
  getNoiseSynthName
    ✓ should return null for null input (1 ms)
    ✓ should return null for undefined input
    ✓ should return default noise for empty string
    ✓ should handle undefined NOISENAMES (83 ms)
  getVoiceName
    ✓ should return default voice for empty string
    ✓ should return null for http links (1 ms)
    ✓ should return voice name for exact matches
    ✓ should be case sensitive
  Voice and Temperament Functions
    getVoiceIcon
      ✓ should return icon path for default voice when input is empty
      ✓ should return correct icon path when searching by synth name (1 ms)
      ✓ should handle custom samples
    getVoiceSynthName
      ✓ should return null for null/undefined input
      ✓ should return default voice synth name for empty string
      ✓ should return the same http link
      ✓ should return correct synth name for display names
    isCustomTemperament
      ✓ should return false for predefined temperaments (1 ms)
      ✓ should return true for custom temperaments
  getTemperamentName
    ✓ should return default temperament when input is empty string
    ✓ should be case insensitive when matching names
  noteToObj
    ✓ should correctly parse note with octave (1 ms)
    ✓ should handle notes with accidentals and octave
    ✓ should default to octave 4 when no octave is specified
    ✓ should correctly parse multi-digit octaves
    ✓ should correctly parse negative octaves and zero octave (1 ms)
    ✓ should preserve complex accidentals and microtonal annotations
    ✓ should return default octave 4 when input is not a non-empty string
  frequencyToPitch
    ✓ should handle frequencies below A0
    ✓ should correctly map frequencies in the extended C9 range (1 ms)
    ✓ should correctly map standard notes (Regression Check)
    ✓ should handle frequencies above C10
    ✓ should handle frequencies with cents deviation
    ✓ should map intermediate frequencies to nearest note
    ✓ should work with equal19 temperament (1 ms)
    ✓ should fallback to 12-EDO for undefined temperament
    ✓ should fallback to 12-EDO for unknown temperament
  cents calculations
    getTemperamentCents
      ✓ converts numeric ratio to cents
      ✓ returns cents from object format
      ✓ returns 0 for invalid input
    getTemperamentRatio
      ✓ returns numeric ratio as-is (1 ms)
      ✓ extracts ratio from object format
      ✓ returns 1 for invalid input
    frequencyToPitch cents with non-12 EDO
      ✓ computes cents deviation in 19-EDO (1 ms)
      ✓ computes cents deviation in 31-EDO
    pitchToFrequency cents with non-12 EDO
      ✓ handles non-zero cents with 19-EDO
      ✓ handles non-zero cents with 31-EDO (1 ms)
      ✓ handles negative cents
    frequencyToPitch sub-cent rounding
      ✓ rounds sub-0.5-cent deviation to 0
  getArticulation
    ✓ should remove solfege syllables (1 ms)
    ✓ should extract articulation symbols (extract from do^ or C^^)
    ✓ should preserve non-articulation characters
    ✓ should handle empty and special cases
    ✓ should handle custom note names like BAGPIPE_D correctly
  keySignatureToMode
    ✓ should handle empty and null inputs
    ✓ should handle basic major keys
    ✓ should handle full minor key names
    ✓ should match custom mode names case-insensitively (1 ms)
  getScaleAndHalfSteps
    ✓  should handle major scale correctly
    ✓ should handle minor scale correctly
  modeMapper
    ✓ should correctly map C ionian to ["c","major"]
    ✓ should correctly map D ionian to ["d","major"] (1 ms)
    ✓ should correctly map E♭ dorian to ["e♭","minor"]
    ✓ should correctly map B♭ dorian to ["f","minor"]
    ✓ should correctly map E♭ locrian to ["d♭","minor"]
    ✓ should correctly map B♭ locrian to ["d♭","minor"]
    ✓ should correctly map A aeolian to ["a","minor"]
    ✓ should correctly map C aeolian to ["c","minor"] (1 ms)
    ✓ should correctly map D natural minor to ["d","minor"]
    ✓ should correctly map E major to ["e","major"]
    ✓ should correctly map F♯ minor to ["f♯","minor"]
    ✓ should correctly map C phrygian to ["g♯","major"]
    ✓ should correctly map A♯ mixolydian to ["c","minor"] (1 ms)
    ✓ should correctly map C DORIAN to ["a♯","major"]
  getSharpFlatPreference
    ✓ should return "sharp" for keys that traditionally use sharps
    ✓ should return "natural" for C major and keys not in sharp/flat preferences
  getCustomNote
    ✓ should handle array input by taking first element (1 ms)
    ✓ should convert double flat notation
  pitchToNumber
    ✓ should handle rest notes
    ✓ should handle basic notes (1 ms)
    ✓ should handle single flat and sharp
    ✓ should handle double flat and double sharp
    ✓ should handle mixed accidental and normalize pitch
    ✓ should use solfege mapping when pitch not in PITCHES (1 ms)
    ✓ should fallback using FIXEDSOLFEGE1 when solfege not found
    ✓ should fallback to index 0 and log debg for invalid pitch
    ✓ should work with equal19 temperament (1 ms)
    ✓ should handle lowercase pitches in alternate tunings (equal19)
    ✓ should fallback to 12-EDO for undefined temperament
    ✓ should fallback to 12-EDO for unknown temperament
  numberToPitchSharp
    ✓ should convert 0 to A0 (1 ms)
    ✓ should convert positive numbers within first octave
    ✓ round-trips all 12 pitch classes through pitchToNumber (1 ms)
    ✓ round-trips natural notes across octaves, including negative octaves (2 ms)
    ✓ round-trips through pitchToNumber in non-12-EDO and meantone temperaments (1 ms)
  getNumber
    ✓ should handle natural notes in octave 4
    ✓ should handle negative octaves
    ✓ should handle flat notes
  getNoteFromInterval
    ✓ should calculate major 2nd correctly (1 ms)
    ✓ should calculate augmented intervals correctly
    ✓ should calculate minor 3rd correctly
    ✓ should calculate diminished interval correctly
    ✓ should handle octave rollover correctly
    ✓ should handle perfect octave correctly
  numberToPitch
    ✓ should convert single-digit positive numbers
    ✓ should handle octave transitions
    ✓ should maintain correct ratios (1 ms)
  GetNotesForInterval
    ✓ should handle basic note status with two notes
    ✓ should handle note pitches with accidentals (1 ms)
    ✓ should fall back to C when not inside a note block
    ✓ should handle empty tur object
  base64Encode
    ✓ should handle empty string
    ✓ should handle special characters and Unicode (1 ms)
  getNote
    ✓ should return rest note (1 ms)
    ✓ should return the correct note for C4 in C major (1 ms)
    ✓ should return the correct note for C4 with transposition in C major
    ✓ should return the correct note for F4 in F major
    ✓ should return the correct note for F♯4 in F major
    ✓ should return the correct note for G♯4 in G major (1 ms)
    ✓ should handle negative transposition
    ✓ should handle octave increment on transposition overflow
    ✓ should normalize lowercase note input (1 ms)
    ✓ should preserve sharp accidental when no transposition
    ✓ should fallback safely for unknown note (1 ms)
    ✓ should return cents for fractional positive transposition
    ✓ should return cents for fractional negative transposition (1 ms)
    ✓ should return 0 cents for integer transposition
    ✓ should return 0 cents for zero transposition
    ✓ should handle small fractional transposition as cents
  getPitchInfo with frequency input
    ✓ should handle numeric frequency input via 1-arg form as pitch number (1 ms)
  frequencyToPitch cents precision
    ✓ should return correct cents for A4+50 cents
    ✓ should return correct cents for A4-30 cents
    ✓ should return correct cents for C4+25 cents (1 ms)
  buildScale
    ✓ should return the correct scale and intervals for C♭ major
    ✓ should return the correct scale and intervals for F♭ major
    ✓ should return the correct scale and intervals for D major
    ✓ should return the correct scale and intervals for C major (1 ms)
    ✓ should return the correct scale and intervals for G major
    ✓ should return the correct scale and intervals for A minor
    ✓ should return the correct scale and intervals for F♯ major
    ✓ should return the correct scale and intervals for Bb major (1 ms)
    ✓ should return the correct scale and intervals for E major
    ✓ should handle invalid key signatures gracefully
    ✓ should spell E natural minor with the accidental of its relative key
    ✓ should spell E aeolian with the accidental of its relative key
    ✓ should spell B natural minor with the accidental of its relative key
    ✓ should spell G ionian with the accidental of its relative key
    ✓ should spell C lydian with the accidental of its relative key
    ✓ should spell A dorian with the accidental of its relative key
    ✓ should spell B phrygian with the accidental of its relative key
    ✓ should spell D mixolydian with the accidental of its relative key (1 ms)
    ✓ should spell a mode the same way as its major/minor synonym
    ✓ should not repeat a letter name in a seven-note modal scale (1 ms)
    ✓ should agree with getSharpFlatPreference for modal key signatures
  scalePatternToEDO
    ✓ returns the identity for 12-EDO
    ✓ converts the major pattern to 19-EDO steps (1 ms)
    ✓ converts the major pattern to 31-EDO steps
    ✓ clamps steps to a minimum of 1 for small EDOs
    ✓ scales a 19-summing pattern down to 12 (mismatched-request direction)
    ✓ returns the pattern unchanged when its sum equals the requested EDO
  getModePattern
    ✓ returns PITCH_COLLECTIONS_EDO_OVERRIDES when present
    ✓ falls back to scalePatternToEDO conversion when no override exists (1 ms)
    ✓ keeps the 12-EDO pattern identical
    ✓ rescales a native 19-EDO custom mode requested at EDO 12
  buildScale with explicit EDO
    ✓ builds the C major scale in 19-EDO (1 ms)
    ✓ builds the C major scale in 31-EDO
    ✓ clamps steps for 5-EDO so the scale never gets stuck (1 ms)
    ✓ keeps the 12-EDO result identical when edo is 12
  getStepSize
    ✓ should return the correct step size for "C" in "C major" going up
    ✓ should return the correct step size for "C" in "C major" going down
    ✓ should return the correct step size for "F" in "F major" going up
    ✓ should return the correct step size for "F" in "F major" going down
    ✓ should return the correct step size for "G" in "G major" going up
    ✓ should return the correct step size for "G" in "G major" going down
    ✓ should return the correct step size for "F#" in "F# major" going up (1 ms)
    ✓ should return the correct step size for "G#" in "G# major" going down
    ✓ should return 0 for "C" going down in a key without a lower note
    ✓ should return an error or appropriate value for invalid key signature
    ✓ should return the correct step size for "C" in "C major" with a non-standard temperament
  getModeLength
    ✓ should return length (1 ms)
    ✓ should return length
  nthDegreeToPitch
    ✓ should return the correct note for the 2nd scale degree in C major
    ✓ should handle a scale degree larger than the scale length (wrapping case)
    ✓ should return the note below the root for scale degree 0 in C major (downward wrapping)
    ✓ should return the correct note for the 5th scale degree in A minor
    ✓ should handle negative scale degrees (reverse wrapping) (1 ms)
    ✓ should fallback to C major for a scale degree when the key signature is unknown
  getInterval
    ✓ should return the correct interval for a pitch in the scale
    ✓ should wrap around when pitch is not in the current scale
    ✓ should return 0 for a pitch not found in equivalent mappings (1 ms)
    ✓ should correctly shift pitches up or down if they are not in the consonant scale
  reducedFraction
    ✓ should return reduced fraction with a common numerator and denominator
    ✓ should return a fraction without symbols for non-standard denominators
    ✓ should handle edge case where denominator is 0 (1 ms)
    ✓ should handle positive and negative fractions correctly
  toFraction
    ✓ should return array with numerator and denomrator from floating point number
    ✓ should return array with numerator and denomrator from floating point number
    ✓ should handle common musical note fractions correctly (1 ms)
    ✓ should handle whole numbers by flipping numerator and denominator
    ✓ should handle thirds correctly
    ✓ should handle dotted note values (1.5 = 3/2)
    ✓ should handle value equal to 1 (1 ms)
    ✓ should handle very small positive decimals (7 ms)
    ✓ should handle sixths correctly (1 ms)
  calcNoteValueToDisplay
    ✓ should return a note value with a symbol when the note value is in NSYMBOLS
    ✓ should return a reduced fraction when note value is not in NSYMBOLS
    ✓ should handle note values with fractional components and display them correctly
    ✓ should handle cases where note value cannot be found in NSYMBOLS and returns a reduced fraction (1 ms)
    ✓ should return a note value with a symbol for valid inputs that map to an NSYMBOL
    ✓ should handle larger numerators and denominators properly
    ✓ should handle when enter 0 as a parameter
  durationToNoteValue
    ✓ should correctly convert a duration to a note value with no dots
    ✓ should correctly convert a duration to a note value with one dot
    ✓ should correctly convert a duration to a note value with two dots
    ✓ should round down durations that do not match exact note values in POWER2
    ✓ should correctly return the note value for durations in POWER2
    ✓ should return the default rounded value for durations without an exact tuplet factor
  noteToPitchOctave
    ✓ should correctly extract pitch and octave from a note string with a single character
    ✓ should correctly extract pitch and octave from a note string with a sharp note
    ✓ should correctly extract pitch and octave from a note string with a flat note
    ✓ should correctly handle a note string with a lowercase pitch
    ✓ should handle multi-character note names with no octave
    ✓ should correctly extract pitch and octave from a note string with multi-digit octave
    ✓ should correctly extract pitch and octave from a sharp note with multi-digit octave
    ✓ should correctly extract pitch and octave from a flat note with multi-digit octave
    ✓ should correctly handle a note string with lowercase pitch and multi-digit octave
    ✓ should correctly handle solfege note strings with octave
    ✓ should correctly handle fallback cases for multi-digit digits
    ✓ should correctly handle Carnatic note strings with octave
    ✓ should not match adversarial non-note words and fall back to fallback behavior (1 ms)
  pitchToFrequency
    ✓ calculates frequency with 0 cents
    ✓ calculates frequency with non-zero cents
    ✓ handles edge case with extreme pitch number
    ✓ throws error if pitchToNumber fails
    ✓ should work with equal19 temperament (1 ms)
    ✓ should fallback to 12-EDO for undefined temperament
    ✓ plays just intonation intervals at their true ratios (non-EDO accuracy)
  noteToFrequency
    ✓ converts note to frequency correctly
    ✓ handles invalid note input gracefully
  computeTargetPitchFrequency
    ✓ computes correct frequencies for natural notes (1 ms)
    ✓ computes correct frequencies for flat accidentals
    ✓ verifies enharmonic equivalence between flats and sharps (1 ms)
    ✓ handles ASCII double-sharp and double-flat accidentals
    ✓ handles Unicode accidentals
    ✓ handles octave shifts accurately
    ✓ returns NaN for invalid or unparseable note inputs
  noteIsSolfege
    ✓ should return false for standard note without solfege conversion
    ✓ should return false for a rest note
    ✓ should return true for a note with an unrecognized sharp (e.g., E♯)
  getSolfege
    ✓ should return the note itself if it is already a solfege note
    ✓ should return the correct solfege for standard notes
    ✓ should return the correct solfege for sharp and flat notes
    ✓ should return undefined for invalid notes not present in the conversion table
    ✓ should return correct movable solfege
  splitSolfege
    ✓ should correctly split solfege notes without attributes (1 ms)
    ✓ should correctly split solfege notes with sharp (♯) or flat (♭) attributes
    ✓ should correctly handle solfege with compound attributes (e.g., 'sol♯♯')
    ✓ should return ['sol', ''] if input is null or not a valid string (1 ms)
  i18nSolfege
    ✓ should return the internationalized version of a solfege note
    ✓ should return internationalized solfege notes with attributes (1 ms)
    ✓ should return the same note if it's not a valid solfege note
    ✓ should handle null or undefined values gracefully
    ✓ should use a complete localized solfege sequence (1 ms)
    ✓ should map localized solfege labels back to canonical notes
    ✓ should ignore malformed solfege translations
  splitScaleDegree
    ✓ should split a scale degree into note and attributes
    ✓ should return default natural attribute when no attributes are provided
    ✓ should handle invalid or undefined inputs gracefully
  getNumNote
    ✓ should correctly convert a value to a note and octave
  calcOctave
    ✓ should return correct octave for a numeric argument (1 ms)
    ✓ should treat a number passed as a string like the same number
    ✓ should clamp a numeric string to the 1..9 octave range
    ✓ should fall back to the computed octave for a non-numeric argument (1 ms)
    ✓ should return correct octave based on currentNote and lastNotePlayed
    ✓ should correctly calculate octave based on half-steps between notes
    ✓ should clamp 'next' at the top of the 1..9 octave range
    ✓ should be able to handle default case (1 ms)
    ✓ should correctly handle lastNotePlayed with multi-digit or negative octaves
  calcOctaveInterval
    ✓ should return correct octave value for argument 'next'
    ✓ should return correct octave value for argument 'previous' (1 ms)
    ✓ should return correct octave value for argument 'current'
    ✓ should return correct octave value for numeric arguments
    ✓ should return default value of 0 for invalid or undefined arguments (1 ms)
  isInt
    ✓ should return true for integer values
    ✓ should return false for non-integer values
    ✓ should return false for NaN
    ✓ should return true for numeric strings (1 ms)
    ✓ should handle edge cases correctly
  convertFromSolfege
    ✓ should convert do𝄫 to B♭
    ✓ should convert do♭ to B
    ✓ should convert do♯ to C♯ (1 ms)
    ✓ should convert re♯ to D♯
    ✓ should convert E♯ to F
    ✓ should convert R to rest
    ✓ should convert do# to C♯
    ✓ should convert dob to B
    ✓ should return the input if no conversion is available
  EQUIVALENTNATURALS extended mappings
    ✓ should map D𝄪 to E
    ✓ should map A𝄪 to B (1 ms)
    ✓ should map G𝄪 to A
    ✓ should map E♯ to F (original)
    ✓ should map B♯ to C (original)
    ✓ should map C♭ to B (original)
    ✓ should map F♭ to E (original)
  EQUIVALENTNATURALS double flats
    ✓ should spell C𝄫 and F𝄫 the way the solfege table spells them (1 ms)
    ✓ should place every double flat a semitone below the matching single flat (1 ms)
  convertFactor
    ✓ should return "16" for 0.0625
    ✓ should return "8" for 0.125
    ✓ should return "16." for 0.09375 (1 ms)
    ✓ should return "8." for 0.1875
    ✓ should return "8.." for 0.21875
    ✓ should return "4" for 0.25
    ✓ should return "4 16" for 0.3125
    ✓ should return "4." for 0.375
    ✓ should return "4.." for 0.4375
    ✓ should return "2" for 0.5
    ✓ should return "2 16" for 0.5625
    ✓ should return "2 8" for 0.625
    ✓ should return "2 8 16" for 0.6875
    ✓ should return "2." for 0.75
    ✓ should return "2 4 16" for 0.8125
    ✓ should return "2.." for 0.875
    ✓ should return "2 4 8 16" for 0.9375
    ✓ should return "1" for 1 (1 ms)
    ✓ should return null for unknown factors
  scaleDegreeToPitchMapping
    ✓ maps scale degree to pitch with movable do (1 ms)
    ✓ maps pitch to scale degree with movable do
    ✓ maps scale degree to pitch in a chosen mode
    ✓ maps pitch to scale degree in a chosen mode (1 ms)
    ✓ handles invalid pitch input gracefully
    ✓ handles undefined scale degree gracefully
    ✓ handles fallback to major scale for incomplete modes
    ✓ handles edge cases for pitch alterations
  getPitchInfo
    ✓ returns correct pitch for 'alphabet' (1 ms)
    ✓ should correctly parse string inputs
    ✓ should correctly parse numeric inputs (1 ms)
    ✓ should handle invalid inputs
    ✓ should handle accidental offset accumulation edge cases
    ✓ returns correct alphabet class (1 ms)
    ✓ returns correct solfege syllable (fixed do)
    ✓ returns correct solfege syllable (movable do)
    ✓ returns correct pitch class
    ✓ returns correct scalar class (1 ms)
    ✓ returns correct scale degree
    ✓ returns correct nth degree
    ✓ returns correct staff y (1 ms)
    ✓ returns pitch in hertz
    ✓ returns color
    ✓ handles errors during getPitchInfo smoothly
    ✓ returns shade
    ✕ handles solfege class with accidental (1 ms)
    ✓ returns pitch number
    ✓ handles equivalent sharps mapping
    ✓ handles invalid type (1 ms)
  NOTESFLAT
    ✓ should contain 12 chromatic notes
    ✓ should start with C and end with B
    ✓ should contain flats for black keys (1 ms)
    ✓ should have correct positions for natural notes
    ✓ should be an array of strings (1 ms)
  NOTESSHARP
    ✓ should contain 12 chromatic notes
    ✓ should start with C and end with B
    ✓ should contain sharps for black keys
    ✓ should have correct positions for natural notes (1 ms)
    ✓ should have same natural notes as NOTESFLAT
    ✓ should be an array of strings (1 ms)
  MUSICALMODES
    ✓ should contain major mode with correct intervals
    ✓ should contain minor mode with correct intervals
    ✓ should have chromatic mode with 12 semitones (1 ms)
    ✓ should have pentatonic modes with 5 notes
    ✓ should have all mode intervals sum to 12 semitones
    ✓ should contain custom mode for user definitions
    ✓ should have ionian equivalent to major
    ✓ should have aeolian equivalent to minor
  getStepSizeDown
    ✓ should return the correct step size for D in C major going down
    ✓ falls back to the mode step for an invalid temperament
  getStepSizeUp
    ✓ should return the correct step size for C in C major going up
    ✓ falls back to the mode step for an invalid temperament
  _calculate_pitch_number
    ✓ should return the correct pitch number for common notes (1 ms)
    ✓ should maintain enharmonic consistency
    ✓ should return INVALIDPITCH for invalid input
  NOTESTEP
    ✓ should map all seven natural notes to their correct step values
  ACCIDENTALNAMES
    ✓ should contain all five accidental names with correct symbols (1 ms)
  modeMapper branch coverage
    ✓ maps C ionian
    ✓ maps C dorian
    ✓ maps F dorian
    ✓ maps D♭ dorian
    ✓ maps C phrygian
    ✓ maps G phrygian (1 ms)
    ✓ maps D♭ phrygian
    ✓ maps C lydian
    ✓ maps G♯ lydian
    ✓ maps B♭ lydian
    ✓ maps C mixolydian
    ✓ maps A♯ mixolydian
    ✓ maps B♭ mixolydian (1 ms)
    ✓ maps C locrian
    ✓ maps D locrian
    ✓ maps E♭ locrian
    ✓ maps A aeolian
    ✓ maps A natural minor
    ✓ maps E major
  getScaleAndHalfSteps extended modes
    ✓ builds solfege slots for chromatic modes with duplicate syllables sharpened (1 ms)
    ✓ chooses non-duplicated solfege for pentatonic modes
    ✓ uses the flat pitch collection for flat keys (1 ms)
  getNote additional paths
    ✓ parses matrix-style note labels with embedded octave markup
    ✓ treats numeric string notes as pitch classes with accidental suffixes
    ✓ returns rests before attempting pitch conversion
    ✓ keeps fractional transposition as cents (1 ms)
    ✓ clamps octave output to the supported range
    ✓ reports invalid solfege through the supplied error callback
    ✓ maps movable solfege across modal rotations (1 ms)
    ✓ resolves solfege notes in non-12 EDO temperaments (1 ms)
    ✓ resolves solfege with accidentals in non-12 EDO temperaments
    ✓ resolves movable solfege in non-12 EDO temperaments (1 ms)
    ✓ reports invalid solfege in non-12 EDO temperaments through the error callback
    ✓ uses key preference and direction to choose enharmonic spelling
    ✓ falls back to equal temperament when a custom temperament cannot resolve a note
    ✓ preserves accidentals for non-predefined temperament systems
  scaleDegreeToPitchMapping extended modes
    ✓ maps chromatic degrees through a seven-degree preference scale (1 ms)
    ✓ maps pentatonic degrees through the fallback major scale
  getNoteFromInterval edge intervals
    ✓ finds diminished 2 from C4
    ✓ finds down 4 from C4
    ✓ finds down-diminished 5 from C4
    ✓ finds up 4 from C4
    ✓ finds up-augmented 4 from C4
    ✓ finds augmented 1 from C4
    ✓ finds augmented 8 from C4 (1 ms)
    ✓ finds up-major 3 from C4
    ✓ finds down-minor 3 from C4
    ✓ finds mid 3 from C4
  numberToPitch additional temperament paths
    ✓ handles negative equal-temperament pitch numbers
    ✓ reports and falls back when a custom temperament is missing (1 ms)
    ✓ fills missing custom temperament pitch entries from equal intervals
    ✓ uses existing custom temperament entries with octave factors (1 ms)
  normalization and pitch parsing extras
    ✓ normalizes Unicode accidental symbols to ASCII spellings
    ✓ applies pitch-number offsets and unusual accidental combinations
  getSolfege with temperament
    ✓ should work with default 12-EDO (equal temperament) (1 ms)
    ✓ should handle movable solfege in major and minor keys
    ✓ should fall back to fixed-do when movable is false
  _getStepSize with temperament
    ✓ should work with equal temperament (12-EDO)
    ✓ should return correct step size for sharps and flats
    ✓ follows the mode for custom temperaments without ratios
  numberToPitch custom temperament fallback
    ✓ falls back to equal temperament for missing custom temperament entries (1 ms)
    ✓ reports error and falls back when temperament is missing
  actual drum lookup helpers
    ✓ finds drums by display name, synth name, and default value (1 ms)
    ✓ returns drum symbols with default and fallback handling
    ✓ resolves the canonical name to the drum's own symbol when localized names differ
    _parse_pitch_string
      ✓ should parse standard pitches without accidentals
      ✓ should parse pitches with single accidentals (1 ms)
      ✓ should parse double accidentals using unicode or text
      ✓ should parse multiple accidentals that cancel out or combine
      ✓ should fallback when regex fails to match (e.g., missing octave)
  _getStepSize freeze guard (non-12 EDO temperaments)
    ✓ returns number for equal17 C major G# up
    ✓ returns number for equal17 C major G# down
    ✓ returns number for equal19 C major G# up
    ✓ returns number for equal19 C major G# down
    ✓ returns number for equal31 C major C up (1 ms)
    ✓ returns number for equal31 C major F# up
    ✓ returns number for equal19 F# major C up
    ✓ returns number for equal19 F# major E# down
    ✓ returns number for equal17 Bb major C down
    ✓ returns number for equal31 Bb major G up
  pitchToNumber A reference for non-12 EDO
    ✓ A4 maps to 440 Hz for all EDOs (1 ms)
    ✓ C4 is approximately 261-270 Hz for all EDOs (1 ms)
  getNoteFromInterval with temperament parameter
    ✓ accepts temperament parameter and produces valid output for equal temperament
  numberToPitch uses noteLabels for non-EDO ratio temperaments
    ✓ uses 1/3 comma meantone noteLabels for pitch 0 (C)
    ✓ uses 1/3 comma meantone noteLabels for pitch 3 (D)
    ✓ uses 1/3 comma meantone noteLabels for pitch 6 (E) (1 ms)
    ✓ uses 1/3 comma meantone noteLabels for pitch 18 (B♯)
    ✓ uses 1/3 comma meantone noteLabels for pitch 19 (C, next octave) (5 ms)
  pitchToFrequency uses 1/3 comma meantone ratios
    ✓ produces A4 ≈ 440 Hz
    ✓ produces exact octave ratio (C5 = 2 × C4)
  EDO octave boundary resolution
    ✓ resolves 19-EDO scale degrees 0–21 across the C4–C5 octave boundary
    ✓ resolves degree N = equal-EDO to C5 with exact octave ratio (1 ms)
    ✓ resolves degree N = equal17-EDO to C5 with exact octave ratio
    ✓ resolves degree N = equal19-EDO to C5 with exact octave ratio
    ✓ resolves degree N = equal31-EDO to C5 with exact octave ratio
  calcOctave with temperament
    ✓ defaults to 12-EDO threshold=3 when no temperament given
    ✓ uses EDO-aware threshold for 19-EDO (threshold=5)
    ✓ uses EDO-aware threshold for 5-EDO (threshold=1)
    ✓ preserves backward compatibility with numeric arg regardless of temperament (1 ms)
  _getStepSize custom temperament with ratios
    ✓ does NOT shortcut with return transposition for custom with ratios
    ✓ follows the mode for custom temperament without ratios
  getStepSizeDown with custom temperament
    ✓ computes the real EDO-native step for a custom temperament with ratios (no shortcut)
    ✓ steps natively across multiple scale degrees in the custom temperament
  mode pie menu shared helpers
    getModeNamesForGroup
      ✓ returns the built-in group list untouched (1 ms)
      ✓ pads the custom group to the fixed 12-slot layout and preserves caller sentinels
    getModeLabel
      ✓ translates the major/ionian pair and leaves blank slots blank
      with a non-identity translator
        ✓ runs both halves of the major/ionian pair through the translator
        ✓ runs both halves of the minor/aeolian pair through the translator
        ✓ routes any other mode name through the translator
        ✓ returns the single-space placeholder verbatim, bypassing the translator (1 ms)
    getModeNameFromLabel
      ✓ resolves the major/ionian label to major
      ✓ falls back to the label itself when nothing matches
      with a non-identity translator
        ✓ maps the translated major/ionian label back to major
        ✓ maps the translated minor/aeolian label back to aeolian
        ✓ maps a plain translated label back to its canonical mode name
        ✓ round-trips every mode name through getModeLabel and back (1 ms)
    getModeSliceColors
      ✓ maps blanks to the empty color and modes to the filled color
    updateModeWheelItems
      ✓ updates every title copy and fill attribute then refreshes (1 ms)
    shared mode pie menu geometry
      ✓ scales the group title font with the wheel radius
    getSavedCustomModes
      ✓ parses saved modes and keeps only entries with a string name (1 ms)
      ✓ returns an empty list for corrupt or non-array data
  temperamentHasRatios / isEquallyTempered
    ✓ temperamentHasRatios true for EDO ratios array
    ✓ temperamentHasRatios true for editor-saved numeric-key format
    ✓ temperamentHasRatios false when neither format is present
    ✓ isEquallyTempered respects an explicit isEDO:false flag
    ✓ isEquallyTempered detects equal steps for unknown-flag custom temperament
    ✓ isEquallyTempered false for non-equal intervals (1 ms)
  non-EDO temperament helpers
    isNonEDO
      ✓ is true for just intonation (ratios, unequal)
      ✓ is false for equal temperament
      ✓ is false for unknown or missing temperaments
    getNonEDOModeSteps
      ✓ derives meantone-like integer steps from ratios for major
      ✓ returns null for a temperament without usable ratios
      ✓ derives the textbook 19-EDO major scale (1 ms)
      ✓ agrees with the other 19-note temperament
    temperament ratio tables
      ✓ gives every temperament one ratio per pitch
      ✓ spaces every equal temperament evenly across the octave (3 ms)
  generateNoteNames EDO length contract
    ✓ returns exactly 1 names for %i-EDO
    ✓ returns exactly 2 names for %i-EDO
    ✓ returns exactly 3 names for %i-EDO
    ✓ returns exactly 4 names for %i-EDO
    ✓ returns exactly 5 names for %i-EDO
    ✓ returns exactly 6 names for %i-EDO (1 ms)
    ✓ returns exactly 7 names for %i-EDO
    ✓ returns exactly 8 names for %i-EDO
    ✓ returns exactly 9 names for %i-EDO
    ✓ returns exactly 10 names for %i-EDO
    ✓ returns exactly 11 names for %i-EDO
    ✓ returns exactly 12 names for %i-EDO
    ✓ returns exactly 13 names for %i-EDO
    ✓ returns exactly 17 names for %i-EDO
    ✓ returns exactly 19 names for %i-EDO
    ✓ returns exactly 22 names for %i-EDO
    ✓ returns exactly 24 names for %i-EDO (1 ms)
    ✓ returns exactly 31 names for %i-EDO
    ✓ returns exactly 41 names for %i-EDO
    ✓ returns exactly 53 names for %i-EDO
    ✓ returns the expected names for 1-EDO
    ✓ returns the expected names for 2-EDO
    ✓ returns the expected names for 3-EDO
    ✓ returns the expected names for 4-EDO
    ✓ returns the expected names for 6-EDO
    ✓ keeps 12-EDO exactly as the standard chromatic table
    ✓ keeps the small special-cased tables unchanged (1 ms)
    ✓ produces no duplicate names for 3-EDO
    ✓ produces no duplicate names for 6-EDO
    ✓ produces no duplicate names for 12-EDO
    ✓ produces no duplicate names for 19-EDO
    ✓ produces no duplicate names for 31-EDO
    ✓ starts every table at C and returns cached results consistently

  ● getPitchInfo › handles solfege class with accidental

    expect(received).toBe(expected) // Object.is equality

    Expected: "do"
    Received: "re"

      3465 |
      3466 |     it("handles solfege class with accidental", () => {
    > 3467 |         expect(getPitchInfo(activity, "solfege class", "C#4", tur)).toBe("do");
           |                                                                     ^
      3468 |     });
      3469 |
      3470 |     it("returns pitch number", () => {

      at Object.toBe (js/utils/__tests__/musicutils.test.js:3467:69)


=============================== Coverage summary ===============================
Statements   : 3.13% ( 2055/65556 )
Branches     : 4.01% ( 1241/30919 )
Functions    : 1.81% ( 123/6775 )
Lines        : 3.14% ( 1985/63028 )
================================================================================
---------------------------------|---------|----------|---------|---------|-----------------------------------------------------------------------------------------------------------------------------------------------------------------------------------------------------------------------------------------------------------------------------------------------------------------------------------------------------------------------------------------------------------------------------------------------------------------------------------------------------------------------------------------------------------------------------------------------------------------------------------------------------------------------------------------------------------------------------------------------------------------------------------------------------------------------------------------------------------------------------------------------------------------------------------------------------------------------------------------------------------------------------------------------------------------------------------------------------------------------------------------------------------------------------------------------------------------------------------------------------------------------------------------------------------------------------------------------------------------------------------------------------------------------------------------------------------------------------------------------------------------------------------------------------------------------------------------------------------------------------------
File                             | % Stmts | % Branch | % Funcs | % Lines | Uncovered Line #s                                                                                                                                                                                                                                                                                                                                                                                                                                                                                                                                                                                                                                                                                                                                                                                                                                                                                                                                                                                                                                                                                                                                                                                                                                                                                                                                                                                                                                                                                                                                                                                                                 
---------------------------------|---------|----------|---------|---------|-----------------------------------------------------------------------------------------------------------------------------------------------------------------------------------------------------------------------------------------------------------------------------------------------------------------------------------------------------------------------------------------------------------------------------------------------------------------------------------------------------------------------------------------------------------------------------------------------------------------------------------------------------------------------------------------------------------------------------------------------------------------------------------------------------------------------------------------------------------------------------------------------------------------------------------------------------------------------------------------------------------------------------------------------------------------------------------------------------------------------------------------------------------------------------------------------------------------------------------------------------------------------------------------------------------------------------------------------------------------------------------------------------------------------------------------------------------------------------------------------------------------------------------------------------------------------------------------------------------------------------------
All files                        |    3.13 |     4.01 |    1.81 |    3.14 |                                                                                                                                                                                                                                                                                                                                                                                                                                                                                                                                                                                                                                                                                                                                                                                                                                                                                                                                                                                                                                                                                                                                                                                                                                                                                                                                                                                                                                                                                                                                                                                                                                   
 js                              |       0 |        0 |       0 |       0 |                                                                                                                                                                                                                                                                                                                                                                                                                                                                                                                                                                                                                                                                                                                                                                                                                                                                                                                                                                                                                                                                                                                                                                                                                                                                                                                                                                                                                                                                                                                                                                                                                                   
  BlocksDependencies.js          |       0 |        0 |       0 |       0 | 60-124                                                                                                                                                                                                                                                                                                                                                                                                                                                                                                                                                                                                                                                                                                                                                                                                                                                                                                                                                                                                                                                                                                                                                                                                                                                                                                                                                                                                                                                                                                                                                                                                                            
  LogoDependencies.js            |       0 |        0 |       0 |       0 | 107-387                                                                                                                                                                                                                                                                                                                                                                                                                                                                                                                                                                                                                                                                                                                                                                                                                                                                                                                                                                                                                                                                                                                                                                                                                                                                                                                                                                                                                                                                                                                                                                                                                           
  SaveInterface.js               |       0 |        0 |       0 |       0 | 25-1077                                                                                                                                                                                                                                                                                                                                                                                                                                                                                                                                                                                                                                                                                                                                                                                                                                                                                                                                                                                                                                                                                                                                                                                                                                                                                                                                                                                                                                                                                                                                                                                                                           
  abc.js                         |       0 |        0 |       0 |       0 | 23-681                                                                                                                                                                                                                                                                                                                                                                                                                                                                                                                                                                                                                                                                                                                                                                                                                                                                                                                                                                                                                                                                                                                                                                                                                                                                                                                                                                                                                                                                                                                                                                                                                            
  activity-context.js            |       0 |        0 |       0 |       0 | 12-63                                                                                                                                                                                                                                                                                                                                                                                                                                                                                                                                                                                                                                                                                                                                                                                                                                                                                                                                                                                                                                                                                                                                                                                                                                                                                                                                                                                                                                                                                                                                                                                                                             
  activity.js                    |       0 |        0 |       0 |       0 | 17-3259                                                                                                                                                                                                                                                                                                                                                                                                                                                                                                                                                                                                                                                                                                                                                                                                                                                                                                                                                                                                                                                                                                                                                                                                                                                                                                                                                                                                                                                                                                                                                                                                                           
  artwork.js                     |       0 |        0 |       0 |       0 | 64-811                                                                                                                                                                                                                                                                                                                                                                                                                                                                                                                                                                                                                                                                                                                                                                                                                                                                                                                                                                                                                                                                                                                                                                                                                                                                                                                                                                                                                                                                                                                                                                                                                            
  background.js                  |       0 |        0 |       0 |       0 | 16-34                                                                                                                                                                                                                                                                                                                                                                                                                                                                                                                                                                                                                                                                                                                                                                                                                                                                                                                                                                                                                                                                                                                                                                                                                                                                                                                                                                                                                                                                                                                                                                                                                             
  base64Utils.js                 |       0 |        0 |       0 |       0 | 33-65                                                                                                                                                                                                                                                                                                                                                                                                                                                                                                                                                                                                                                                                                                                                                                                                                                                                                                                                                                                                                                                                                                                                                                                                                                                                                                                                                                                                                                                                                                                                                                                                                             
  basicblocks.js                 |       0 |        0 |       0 |       0 | 40-120                                                                                                                                                                                                                                                                                                                                                                                                                                                                                                                                                                                                                                                                                                                                                                                                                                                                                                                                                                                                                                                                                                                                                                                                                                                                                                                                                                                                                                                                                                                                                                                                                            
  block-constants.js             |       0 |        0 |       0 |       0 | 22-59                                                                                                                                                                                                                                                                                                                                                                                                                                                                                                                                                                                                                                                                                                                                                                                                                                                                                                                                                                                                                                                                                                                                                                                                                                                                                                                                                                                                                                                                                                                                                                                                                             
  block.js                       |       0 |        0 |       0 |       0 | 83-5255                                                                                                                                                                                                                                                                                                                                                                                                                                                                                                                                                                                                                                                                                                                                                                                                                                                                                                                                                                                                                                                                                                                                                                                                                                                                                                                                                                                                                                                                                                                                                                                                                           
  blockfactory.js                |       0 |        0 |       0 |       0 | 22-1986                                                                                                                                                                                                                                                                                                                                                                                                                                                                                                                                                                                                                                                                                                                                                                                                                                                                                                                                                                                                                                                                                                                                                                                                                                                                                                                                                                                                                                                                                                                                                                                                                           
  blocks.js                      |       0 |        0 |       0 |       0 | 82-7615                                                                                                                                                                                                                                                                                                                                                                                                                                                                                                                                                                                                                                                                                                                                                                                                                                                                                                                                                                                                                                                                                                                                                                                                                                                                                                                                                                                                                                                                                                                                                                                                                           
  boundary.js                    |       0 |        0 |       0 |       0 | 28-125                                                                                                                                                                                                                                                                                                                                                                                                                                                                                                                                                                                                                                                                                                                                                                                                                                                                                                                                                                                                                                                                                                                                                                                                                                                                                                                                                                                                                                                                                                                                                                                                                            
  connection-validator.js        |       0 |        0 |       0 |       0 | 16-126                                                                                                                                                                                                                                                                                                                                                                                                                                                                                                                                                                                                                                                                                                                                                                                                                                                                                                                                                                                                                                                                                                                                                                                                                                                                                                                                                                                                                                                                                                                                                                                                                            
  embedded-graphics-scheduler.js |       0 |        0 |       0 |       0 | 41-795                                                                                                                                                                                                                                                                                                                                                                                                                                                                                                                                                                                                                                                                                                                                                                                                                                                                                                                                                                                                                                                                                                                                                                                                                                                                                                                                                                                                                                                                                                                                                                                                                            
  focus-cycle-manager.js         |       0 |        0 |       0 |       0 | 30-545                                                                                                                                                                                                                                                                                                                                                                                                                                                                                                                                                                                                                                                                                                                                                                                                                                                                                                                                                                                                                                                                                                                                                                                                                                                                                                                                                                                                                                                                                                                                                                                                                            
  gif-animator.js                |       0 |        0 |       0 |       0 | 30-274                                                                                                                                                                                                                                                                                                                                                                                                                                                                                                                                                                                                                                                                                                                                                                                                                                                                                                                                                                                                                                                                                                                                                                                                                                                                                                                                                                                                                                                                                                                                                                                                                            
  kokoro-speech.js               |       0 |        0 |       0 |       0 | 42-476                                                                                                                                                                                                                                                                                                                                                                                                                                                                                                                                                                                                                                                                                                                                                                                                                                                                                                                                                                                                                                                                                                                                                                                                                                                                                                                                                                                                                                                                                                                                                                                                                            
  languagebox.js                 |       0 |        0 |       0 |       0 | 25-389                                                                                                                                                                                                                                                                                                                                                                                                                                                                                                                                                                                                                                                                                                                                                                                                                                                                                                                                                                                                                                                                                                                                                                                                                                                                                                                                                                                                                                                                                                                                                                                                                            
  lilypond.js                    |       0 |        0 |       0 |       0 | 42-991                                                                                                                                                                                                                                                                                                                                                                                                                                                                                                                                                                                                                                                                                                                                                                                                                                                                                                                                                                                                                                                                                                                                                                                                                                                                                                                                                                                                                                                                                                                                                                                                                            
  loader.js                      |       0 |        0 |       0 |       0 | 15-694                                                                                                                                                                                                                                                                                                                                                                                                                                                                                                                                                                                                                                                                                                                                                                                                                                                                                                                                                                                                                                                                                                                                                                                                                                                                                                                                                                                                                                                                                                                                                                                                                            
  logo.js                        |       0 |        0 |       0 |       0 | 50-2895                                                                                                                                                                                                                                                                                                                                                                                                                                                                                                                                                                                                                                                                                                                                                                                                                                                                                                                                                                                                                                                                                                                                                                                                                                                                                                                                                                                                                                                                                                                                                                                                                           
  logoconstants.js               |       0 |        0 |       0 |       0 | 14-101                                                                                                                                                                                                                                                                                                                                                                                                                                                                                                                                                                                                                                                                                                                                                                                                                                                                                                                                                                                                                                                                                                                                                                                                                                                                                                                                                                                                                                                                                                                                                                                                                            
  macros.js                      |       0 |        0 |       0 |       0 | 50-1761                                                                                                                                                                                                                                                                                                                                                                                                                                                                                                                                                                                                                                                                                                                                                                                                                                                                                                                                                                                                                                                                                                                                                                                                                                                                                                                                                                                                                                                                                                                                                                                                                           
  midi.js                        |       0 |        0 |       0 |       0 | 18-576                                                                                                                                                                                                                                                                                                                                                                                                                                                                                                                                                                                                                                                                                                                                                                                                                                                                                                                                                                                                                                                                                                                                                                                                                                                                                                                                                                                                                                                                                                                                                                                                                            
  mxml.js                        |       0 |        0 |       0 |       0 | 19-705                                                                                                                                                                                                                                                                                                                                                                                                                                                                                                                                                                                                                                                                                                                                                                                                                                                                                                                                                                                                                                                                                                                                                                                                                                                                                                                                                                                                                                                                                                                                                                                                                            
  notation.js                    |       0 |        0 |       0 |       0 | 48-494                                                                                                                                                                                                                                                                                                                                                                                                                                                                                                                                                                                                                                                                                                                                                                                                                                                                                                                                                                                                                                                                                                                                                                                                                                                                                                                                                                                                                                                                                                                                                                                                                            
  p5-adapter.js                  |       0 |        0 |       0 |       0 | 24-47                                                                                                                                                                                                                                                                                                                                                                                                                                                                                                                                                                                                                                                                                                                                                                                                                                                                                                                                                                                                                                                                                                                                                                                                                                                                                                                                                                                                                                                                                                                                                                                                                             
  p5-sound-adapter.js            |       0 |        0 |       0 |       0 | 2-55                                                                                                                                                                                                                                                                                                                                                                                                                                                                                                                                                                                                                                                                                                                                                                                                                                                                                                                                                                                                                                                                                                                                                                                                                                                                                                                                                                                                                                                                                                                                                                                                                              
  palette.js                     |       0 |        0 |       0 |       0 | 12-2335                                                                                                                                                                                                                                                                                                                                                                                                                                                                                                                                                                                                                                                                                                                                                                                                                                                                                                                                                                                                                                                                                                                                                                                                                                                                                                                                                                                                                                                                                                                                                                                                                           
  pastebox.js                    |       0 |        0 |       0 |       0 | 13-158                                                                                                                                                                                                                                                                                                                                                                                                                                                                                                                                                                                                                                                                                                                                                                                                                                                                                                                                                                                                                                                                                                                                                                                                                                                                                                                                                                                                                                                                                                                                                                                                                            
  piemenu-block-context.js       |       0 |        0 |       0 |       0 | 27-223                                                                                                                                                                                                                                                                                                                                                                                                                                                                                                                                                                                                                                                                                                                                                                                                                                                                                                                                                                                                                                                                                                                                                                                                                                                                                                                                                                                                                                                                                                                                                                                                                            
  piemenus.js                    |       0 |        0 |       0 |       0 | 72-4309                                                                                                                                                                                                                                                                                                                                                                                                                                                                                                                                                                                                                                                                                                                                                                                                                                                                                                                                                                                                                                                                                                                                                                                                                                                                                                                                                                                                                                                                                                                                                                                                                           
  planetInterface.js             |       0 |        0 |       0 |       0 | 30-479                                                                                                                                                                                                                                                                                                                                                                                                                                                                                                                                                                                                                                                                                                                                                                                                                                                                                                                                                                                                                                                                                                                                                                                                                                                                                                                                                                                                                                                                                                                                                                                                                            
  project-manager.js             |       0 |        0 |       0 |       0 | 36-1388                                                                                                                                                                                                                                                                                                                                                                                                                                                                                                                                                                                                                                                                                                                                                                                                                                                                                                                                                                                                                                                                                                                                                                                                                                                                                                                                                                                                                                                                                                                                                                                                                           
  protoblocks.js                 |       0 |        0 |       0 |       0 | 40-2181                                                                                                                                                                                                                                                                                                                                                                                                                                                                                                                                                                                                                                                                                                                                                                                                                                                                                                                                                                                                                                                                                                                                                                                                                                                                                                                                                                                                                                                                                                                                                                                                                           
  pubsub.js                      |       0 |        0 |       0 |       0 | 16-76                                                                                                                                                                                                                                                                                                                                                                                                                                                                                                                                                                                                                                                                                                                                                                                                                                                                                                                                                                                                                                                                                                                                                                                                                                                                                                                                                                                                                                                                                                                                                                                                                             
  releaseconfig.js               |       0 |        0 |       0 |       0 | 30-110                                                                                                                                                                                                                                                                                                                                                                                                                                                                                                                                                                                                                                                                                                                                                                                                                                                                                                                                                                                                                                                                                                                                                                                                                                                                                                                                                                                                                                                                                                                                                                                                                            
  rubrics.js                     |       0 |        0 |       0 |       0 | 39-901                                                                                                                                                                                                                                                                                                                                                                                                                                                                                                                                                                                                                                                                                                                                                                                                                                                                                                                                                                                                                                                                                                                                                                                                                                                                                                                                                                                                                                                                                                                                                                                                                            
  search-ui.js                   |       0 |        0 |       0 |       0 | 36-661                                                                                                                                                                                                                                                                                                                                                                                                                                                                                                                                                                                                                                                                                                                                                                                                                                                                                                                                                                                                                                                                                                                                                                                                                                                                                                                                                                                                                                                                                                                                                                                                                            
  svgAssetSelector.js            |       0 |        0 |       0 |       0 | 39-287                                                                                                                                                                                                                                                                                                                                                                                                                                                                                                                                                                                                                                                                                                                                                                                                                                                                                                                                                                                                                                                                                                                                                                                                                                                                                                                                                                                                                                                                                                                                                                                                                            
  themebox.js                    |       0 |        0 |       0 |       0 | 28-466                                                                                                                                                                                                                                                                                                                                                                                                                                                                                                                                                                                                                                                                                                                                                                                                                                                                                                                                                                                                                                                                                                                                                                                                                                                                                                                                                                                                                                                                                                                                                                                                                            
  toolbar-ui.js                  |       0 |        0 |       0 |       0 | 19-2506                                                                                                                                                                                                                                                                                                                                                                                                                                                                                                                                                                                                                                                                                                                                                                                                                                                                                                                                                                                                                                                                                                                                                                                                                                                                                                                                                                                                                                                                                                                                                                                                                           
  toolbar.js                     |       0 |        0 |       0 |       0 | 16-24                                                                                                                                                                                                                                                                                                                                                                                                                                                                                                                                                                                                                                                                                                                                                                                                                                                                                                                                                                                                                                                                                                                                                                                                                                                                                                                                                                                                                                                                                                                                                                                                                             
  trash.js                       |       0 |        0 |       0 |       0 | 22-500                                                                                                                                                                                                                                                                                                                                                                                                                                                                                                                                                                                                                                                                                                                                                                                                                                                                                                                                                                                                                                                                                                                                                                                                                                                                                                                                                                                                                                                                                                                                                                                                                            
  turtle-painter.js              |       0 |        0 |       0 |       0 | 38-1666                                                                                                                                                                                                                                                                                                                                                                                                                                                                                                                                                                                                                                                                                                                                                                                                                                                                                                                                                                                                                                                                                                                                                                                                                                                                                                                                                                                                                                                                                                                                                                                                                           
  turtle-singer.js               |       0 |        0 |       0 |       0 | 50-2799                                                                                                                                                                                                                                                                                                                                                                                                                                                                                                                                                                                                                                                                                                                                                                                                                                                                                                                                                                                                                                                                                                                                                                                                                                                                                                                                                                                                                                                                                                                                                                                                                           
  turtle.js                      |       0 |        0 |       0 |       0 | 54-1096                                                                                                                                                                                                                                                                                                                                                                                                                                                                                                                                                                                                                                                                                                                                                                                                                                                                                                                                                                                                                                                                                                                                                                                                                                                                                                                                                                                                                                                                                                                                                                                                                           
  turtledefs.js                  |       0 |        0 |       0 |       0 | 39-841                                                                                                                                                                                                                                                                                                                                                                                                                                                                                                                                                                                                                                                                                                                                                                                                                                                                                                                                                                                                                                                                                                                                                                                                                                                                                                                                                                                                                                                                                                                                                                                                                            
  turtles.js                     |       0 |        0 |       0 |       0 | 31-1380                                                                                                                                                                                                                                                                                                                                                                                                                                                                                                                                                                                                                                                                                                                                                                                                                                                                                                                                                                                                                                                                                                                                                                                                                                                                                                                                                                                                                                                                                                                                                                                                                           
 js/activity                     |       0 |        0 |       0 |       0 |                                                                                                                                                                                                                                                                                                                                                                                                                                                                                                                                                                                                                                                                                                                                                                                                                                                                                                                                                                                                                                                                                                                                                                                                                                                                                                                                                                                                                                                                                                                                                                                                                                   
  abc-parser.js                  |       0 |        0 |       0 |       0 | 22-661                                                                                                                                                                                                                                                                                                                                                                                                                                                                                                                                                                                                                                                                                                                                                                                                                                                                                                                                                                                                                                                                                                                                                                                                                                                                                                                                                                                                                                                                                                                                                                                                                            
  alert-controller.js            |       0 |        0 |       0 |       0 | 16-130                                                                                                                                                                                                                                                                                                                                                                                                                                                                                                                                                                                                                                                                                                                                                                                                                                                                                                                                                                                                                                                                                                                                                                                                                                                                                                                                                                                                                                                                                                                                                                                                                            
  alert-renderer.js              |       0 |        0 |       0 |       0 | 23-423                                                                                                                                                                                                                                                                                                                                                                                                                                                                                                                                                                                                                                                                                                                                                                                                                                                                                                                                                                                                                                                                                                                                                                                                                                                                                                                                                                                                                                                                                                                                                                                                                            
  block-drag-controller.js       |       0 |        0 |       0 |       0 | 46-1189                                                                                                                                                                                                                                                                                                                                                                                                                                                                                                                                                                                                                                                                                                                                                                                                                                                                                                                                                                                                                                                                                                                                                                                                                                                                                                                                                                                                                                                                                                                                                                                                                           
  block-scale-controller.js      |       0 |        0 |       0 |       0 | 22-170                                                                                                                                                                                                                                                                                                                                                                                                                                                                                                                                                                                                                                                                                                                                                                                                                                                                                                                                                                                                                                                                                                                                                                                                                                                                                                                                                                                                                                                                                                                                                                                                                            
  context-menu-controller.js     |       0 |        0 |       0 |       0 | 21-758                                                                                                                                                                                                                                                                                                                                                                                                                                                                                                                                                                                                                                                                                                                                                                                                                                                                                                                                                                                                                                                                                                                                                                                                                                                                                                                                                                                                                                                                                                                                                                                                                            
  exporters.js                   |       0 |        0 |       0 |       0 | 15-227                                                                                                                                                                                                                                                                                                                                                                                                                                                                                                                                                                                                                                                                                                                                                                                                                                                                                                                                                                                                                                                                                                                                                                                                                                                                                                                                                                                                                                                                                                                                                                                                                            
  grid-controller.js             |       0 |        0 |       0 |       0 | 24-221                                                                                                                                                                                                                                                                                                                                                                                                                                                                                                                                                                                                                                                                                                                                                                                                                                                                                                                                                                                                                                                                                                                                                                                                                                                                                                                                                                                                                                                                                                                                                                                                                            
  grid-renderer.js               |       0 |        0 |       0 |       0 | 16-401                                                                                                                                                                                                                                                                                                                                                                                                                                                                                                                                                                                                                                                                                                                                                                                                                                                                                                                                                                                                                                                                                                                                                                                                                                                                                                                                                                                                                                                                                                                                                                                                                            
  help-controller.js             |       0 |        0 |       0 |       0 | 21-460                                                                                                                                                                                                                                                                                                                                                                                                                                                                                                                                                                                                                                                                                                                                                                                                                                                                                                                                                                                                                                                                                                                                                                                                                                                                                                                                                                                                                                                                                                                                                                                                                            
  idle-watcher.js                |       0 |        0 |       0 |       0 | 42-217                                                                                                                                                                                                                                                                                                                                                                                                                                                                                                                                                                                                                                                                                                                                                                                                                                                                                                                                                                                                                                                                                                                                                                                                                                                                                                                                                                                                                                                                                                                                                                                                                            
  keyboard-controller.js         |       0 |        0 |       0 |       0 | 32-537                                                                                                                                                                                                                                                                                                                                                                                                                                                                                                                                                                                                                                                                                                                                                                                                                                                                                                                                                                                                                                                                                                                                                                                                                                                                                                                                                                                                                                                                                                                                                                                                                            
  plugin-controller.js           |       0 |        0 |       0 |       0 | 30-226                                                                                                                                                                                                                                                                                                                                                                                                                                                                                                                                                                                                                                                                                                                                                                                                                                                                                                                                                                                                                                                                                                                                                                                                                                                                                                                                                                                                                                                                                                                                                                                                                            
  recorder.js                    |       0 |        0 |       0 |       0 | 16-371                                                                                                                                                                                                                                                                                                                                                                                                                                                                                                                                                                                                                                                                                                                                                                                                                                                                                                                                                                                                                                                                                                                                                                                                                                                                                                                                                                                                                                                                                                                                                                                                                            
  search-controller.js           |       0 |        0 |       0 |       0 | 18-788                                                                                                                                                                                                                                                                                                                                                                                                                                                                                                                                                                                                                                                                                                                                                                                                                                                                                                                                                                                                                                                                                                                                                                                                                                                                                                                                                                                                                                                                                                                                                                                                                            
  selection-controller.js        |       0 |        0 |       0 |       0 | 21-409                                                                                                                                                                                                                                                                                                                                                                                                                                                                                                                                                                                                                                                                                                                                                                                                                                                                                                                                                                                                                                                                                                                                                                                                                                                                                                                                                                                                                                                                                                                                                                                                                            
  toolbar-controller.js          |       0 |        0 |       0 |       0 | 29-188                                                                                                                                                                                                                                                                                                                                                                                                                                                                                                                                                                                                                                                                                                                                                                                                                                                                                                                                                                                                                                                                                                                                                                                                                                                                                                                                                                                                                                                                                                                                                                                                                            
  trash-controller.js            |       0 |        0 |       0 |       0 | 21-458                                                                                                                                                                                                                                                                                                                                                                                                                                                                                                                                                                                                                                                                                                                                                                                                                                                                                                                                                                                                                                                                                                                                                                                                                                                                                                                                                                                                                                                                                                                                                                                                                            
  workspace-layout-controller.js |       0 |        0 |       0 |       0 | 22-415                                                                                                                                                                                                                                                                                                                                                                                                                                                                                                                                                                                                                                                                                                                                                                                                                                                                                                                                                                                                                                                                                                                                                                                                                                                                                                                                                                                                                                                                                                                                                                                                                            
 js/blocks                       |       0 |        0 |       0 |       0 |                                                                                                                                                                                                                                                                                                                                                                                                                                                                                                                                                                                                                                                                                                                                                                                                                                                                                                                                                                                                                                                                                                                                                                                                                                                                                                                                                                                                                                                                                                                                                                                                                                   
  ActionBlocks.js                |       0 |        0 |       0 |       0 | 38-1576                                                                                                                                                                                                                                                                                                                                                                                                                                                                                                                                                                                                                                                                                                                                                                                                                                                                                                                                                                                                                                                                                                                                                                                                                                                                                                                                                                                                                                                                                                                                                                                                                           
  BooleanBlocks.js               |       0 |        0 |       0 |       0 | 30-1049                                                                                                                                                                                                                                                                                                                                                                                                                                                                                                                                                                                                                                                                                                                                                                                                                                                                                                                                                                                                                                                                                                                                                                                                                                                                                                                                                                                                                                                                                                                                                                                                                           
  BoxesBlocks.js                 |       0 |        0 |       0 |       0 | 32-869                                                                                                                                                                                                                                                                                                                                                                                                                                                                                                                                                                                                                                                                                                                                                                                                                                                                                                                                                                                                                                                                                                                                                                                                                                                                                                                                                                                                                                                                                                                                                                                                                            
  DictBlocks.js                  |       0 |        0 |       0 |       0 | 30-460                                                                                                                                                                                                                                                                                                                                                                                                                                                                                                                                                                                                                                                                                                                                                                                                                                                                                                                                                                                                                                                                                                                                                                                                                                                                                                                                                                                                                                                                                                                                                                                                                            
  DrumBlocks.js                  |       0 |        0 |       0 |       0 | 32-625                                                                                                                                                                                                                                                                                                                                                                                                                                                                                                                                                                                                                                                                                                                                                                                                                                                                                                                                                                                                                                                                                                                                                                                                                                                                                                                                                                                                                                                                                                                                                                                                                            
  EnsembleBlocks.js              |       0 |        0 |       0 |       0 | 30-1381                                                                                                                                                                                                                                                                                                                                                                                                                                                                                                                                                                                                                                                                                                                                                                                                                                                                                                                                                                                                                                                                                                                                                                                                                                                                                                                                                                                                                                                                                                                                                                                                                           
  ExtrasBlocks.js                |       0 |        0 |       0 |       0 | 33-918                                                                                                                                                                                                                                                                                                                                                                                                                                                                                                                                                                                                                                                                                                                                                                                                                                                                                                                                                                                                                                                                                                                                                                                                                                                                                                                                                                                                                                                                                                                                                                                                                            
  FlowBlocks.js                  |       0 |        0 |       0 |       0 | 32-1254                                                                                                                                                                                                                                                                                                                                                                                                                                                                                                                                                                                                                                                                                                                                                                                                                                                                                                                                                                                                                                                                                                                                                                                                                                                                                                                                                                                                                                                                                                                                                                                                                           
  GraphicsBlocks.js              |       0 |        0 |       0 |       0 | 46-1286                                                                                                                                                                                                                                                                                                                                                                                                                                                                                                                                                                                                                                                                                                                                                                                                                                                                                                                                                                                                                                                                                                                                                                                                                                                                                                                                                                                                                                                                                                                                                                                                                           
  HeapBlocks.js                  |       0 |        0 |       0 |       0 | 31-747                                                                                                                                                                                                                                                                                                                                                                                                                                                                                                                                                                                                                                                                                                                                                                                                                                                                                                                                                                                                                                                                                                                                                                                                                                                                                                                                                                                                                                                                                                                                                                                                                            
  IntervalsBlocks.js             |       0 |        0 |       0 |       0 | 45-1599                                                                                                                                                                                                                                                                                                                                                                                                                                                                                                                                                                                                                                                                                                                                                                                                                                                                                                                                                                                                                                                                                                                                                                                                                                                                                                                                                                                                                                                                                                                                                                                                                           
  MediaBlocks.js                 |       0 |        0 |       0 |       0 | 35-1087                                                                                                                                                                                                                                                                                                                                                                                                                                                                                                                                                                                                                                                                                                                                                                                                                                                                                                                                                                                                                                                                                                                                                                                                                                                                                                                                                                                                                                                                                                                                                                                                                           
  MeterBlocks.js                 |       0 |        0 |       0 |       0 | 34-1480                                                                                                                                                                                                                                                                                                                                                                                                                                                                                                                                                                                                                                                                                                                                                                                                                                                                                                                                                                                                                                                                                                                                                                                                                                                                                                                                                                                                                                                                                                                                                                                                                           
  NumberBlocks.js                |       0 |        0 |       0 |       0 | 26-975                                                                                                                                                                                                                                                                                                                                                                                                                                                                                                                                                                                                                                                                                                                                                                                                                                                                                                                                                                                                                                                                                                                                                                                                                                                                                                                                                                                                                                                                                                                                                                                                                            
  OrnamentBlocks.js              |       0 |        0 |       0 |       0 | 32-742                                                                                                                                                                                                                                                                                                                                                                                                                                                                                                                                                                                                                                                                                                                                                                                                                                                                                                                                                                                                                                                                                                                                                                                                                                                                                                                                                                                                                                                                                                                                                                                                                            
  PenBlocks.js                   |       0 |        0 |       0 |       0 | 30-1257                                                                                                                                                                                                                                                                                                                                                                                                                                                                                                                                                                                                                                                                                                                                                                                                                                                                                                                                                                                                                                                                                                                                                                                                                                                                                                                                                                                                                                                                                                                                                                                                                           
  PitchBlocks.js                 |       0 |        0 |       0 |       0 | 31-2217                                                                                                                                                                                                                                                                                                                                                                                                                                                                                                                                                                                                                                                                                                                                                                                                                                                                                                                                                                                                                                                                                                                                                                                                                                                                                                                                                                                                                                                                                                                                                                                                                           
  ProgramBlocks.js               |       0 |        0 |       0 |       0 | 28-1600                                                                                                                                                                                                                                                                                                                                                                                                                                                                                                                                                                                                                                                                                                                                                                                                                                                                                                                                                                                                                                                                                                                                                                                                                                                                                                                                                                                                                                                                                                                                                                                                                           
  RhythmBlockPaletteBlocks.js    |       0 |        0 |       0 |       0 | 23-1254                                                                                                                                                                                                                                                                                                                                                                                                                                                                                                                                                                                                                                                                                                                                                                                                                                                                                                                                                                                                                                                                                                                                                                                                                                                                                                                                                                                                                                                                                                                                                                                                                           
  RhythmBlocks.js                |       0 |        0 |       0 |       0 | 33-1269                                                                                                                                                                                                                                                                                                                                                                                                                                                                                                                                                                                                                                                                                                                                                                                                                                                                                                                                                                                                                                                                                                                                                                                                                                                                                                                                                                                                                                                                                                                                                                                                                           
  SensorsBlocks.js               |       0 |        0 |       0 |       0 | 32-1065                                                                                                                                                                                                                                                                                                                                                                                                                                                                                                                                                                                                                                                                                                                                                                                                                                                                                                                                                                                                                                                                                                                                                                                                                                                                                                                                                                                                                                                                                                                                                                                                                           
  ToneBlocks.js                  |       0 |        0 |       0 |       0 | 34-1190                                                                                                                                                                                                                                                                                                                                                                                                                                                                                                                                                                                                                                                                                                                                                                                                                                                                                                                                                                                                                                                                                                                                                                                                                                                                                                                                                                                                                                                                                                                                                                                                                           
  VolumeBlocks.js                |       0 |        0 |       0 |       0 | 35-956                                                                                                                                                                                                                                                                                                                                                                                                                                                                                                                                                                                                                                                                                                                                                                                                                                                                                                                                                                                                                                                                                                                                                                                                                                                                                                                                                                                                                                                                                                                                                                                                                            
  WidgetBlocks.js                |       0 |        0 |       0 |       0 | 81-2329                                                                                                                                                                                                                                                                                                                                                                                                                                                                                                                                                                                                                                                                                                                                                                                                                                                                                                                                                                                                                                                                                                                                                                                                                                                                                                                                                                                                                                                                                                                                                                                                                           
 js/js-export                    |       0 |        0 |       0 |       0 |                                                                                                                                                                                                                                                                                                                                                                                                                                                                                                                                                                                                                                                                                                                                                                                                                                                                                                                                                                                                                                                                                                                                                                                                                                                                                                                                                                                                                                                                                                                                                                                                                                   
  ASTutils.js                    |       0 |        0 |       0 |       0 | 33-947                                                                                                                                                                                                                                                                                                                                                                                                                                                                                                                                                                                                                                                                                                                                                                                                                                                                                                                                                                                                                                                                                                                                                                                                                                                                                                                                                                                                                                                                                                                                                                                                                            
  ast2blocklist.js               |       0 |        0 |       0 |       0 | 40-738                                                                                                                                                                                                                                                                                                                                                                                                                                                                                                                                                                                                                                                                                                                                                                                                                                                                                                                                                                                                                                                                                                                                                                                                                                                                                                                                                                                                                                                                                                                                                                                                                            
  constraints.js                 |       0 |        0 |       0 |       0 | 25-1221                                                                                                                                                                                                                                                                                                                                                                                                                                                                                                                                                                                                                                                                                                                                                                                                                                                                                                                                                                                                                                                                                                                                                                                                                                                                                                                                                                                                                                                                                                                                                                                                                           
  export.js                      |       0 |        0 |       0 |       0 | 27-691                                                                                                                                                                                                                                                                                                                                                                                                                                                                                                                                                                                                                                                                                                                                                                                                                                                                                                                                                                                                                                                                                                                                                                                                                                                                                                                                                                                                                                                                                                                                                                                                                            
  generate.js                    |       0 |        0 |       0 |       0 | 35-386                                                                                                                                                                                                                                                                                                                                                                                                                                                                                                                                                                                                                                                                                                                                                                                                                                                                                                                                                                                                                                                                                                                                                                                                                                                                                                                                                                                                                                                                                                                                                                                                                            
  interface.js                   |       0 |        0 |       0 |       0 | 33-1849                                                                                                                                                                                                                                                                                                                                                                                                                                                                                                                                                                                                                                                                                                                                                                                                                                                                                                                                                                                                                                                                                                                                                                                                                                                                                                                                                                                                                                                                                                                                                                                                                           
  minify.js                      |       0 |      100 |     100 |       0 | 1-8                                                                                                                                                                                                                                                                                                                                                                                                                                                                                                                                                                                                                                                                                                                                                                                                                                                                                                                                                                                                                                                                                                                                                                                                                                                                                                                                                                                                                                                                                                                                                                                                                               
 js/js-export/API                |       0 |        0 |       0 |       0 |                                                                                                                                                                                                                                                                                                                                                                                                                                                                                                                                                                                                                                                                                                                                                                                                                                                                                                                                                                                                                                                                                                                                                                                                                                                                                                                                                                                                                                                                                                                                                                                                                                   
  DictBlocksAPI.js               |       0 |        0 |       0 |       0 | 31-58                                                                                                                                                                                                                                                                                                                                                                                                                                                                                                                                                                                                                                                                                                                                                                                                                                                                                                                                                                                                                                                                                                                                                                                                                                                                                                                                                                                                                                                                                                                                                                                                                             
  DrumBlocksAPI.js               |       0 |        0 |       0 |       0 | 31-58                                                                                                                                                                                                                                                                                                                                                                                                                                                                                                                                                                                                                                                                                                                                                                                                                                                                                                                                                                                                                                                                                                                                                                                                                                                                                                                                                                                                                                                                                                                                                                                                                             
  GraphicsBlocksAPI.js           |       0 |        0 |       0 |       0 | 31-104                                                                                                                                                                                                                                                                                                                                                                                                                                                                                                                                                                                                                                                                                                                                                                                                                                                                                                                                                                                                                                                                                                                                                                                                                                                                                                                                                                                                                                                                                                                                                                                                                            
  IntervalsBlocksAPI.js          |       0 |        0 |       0 |       0 | 31-65                                                                                                                                                                                                                                                                                                                                                                                                                                                                                                                                                                                                                                                                                                                                                                                                                                                                                                                                                                                                                                                                                                                                                                                                                                                                                                                                                                                                                                                                                                                                                                                                                             
  MeterBlocksAPI.js              |       0 |        0 |       0 |       0 | 31-81                                                                                                                                                                                                                                                                                                                                                                                                                                                                                                                                                                                                                                                                                                                                                                                                                                                                                                                                                                                                                                                                                                                                                                                                                                                                                                                                                                                                                                                                                                                                                                                                                             
  OrnamentBlocksAPI.js           |       0 |        0 |       0 |       0 | 31-55                                                                                                                                                                                                                                                                                                                                                                                                                                                                                                                                                                                                                                                                                                                                                                                                                                                                                                                                                                                                                                                                                                                                                                                                                                                                                                                                                                                                                                                                                                                                                                                                                             
  PenBlocksAPI.js                |       0 |        0 |       0 |       0 | 31-116                                                                                                                                                                                                                                                                                                                                                                                                                                                                                                                                                                                                                                                                                                                                                                                                                                                                                                                                                                                                                                                                                                                                                                                                                                                                                                                                                                                                                                                                                                                                                                                                                            
  PitchBlocksAPI.js              |       0 |        0 |       0 |       0 | 37-186                                                                                                                                                                                                                                                                                                                                                                                                                                                                                                                                                                                                                                                                                                                                                                                                                                                                                                                                                                                                                                                                                                                                                                                                                                                                                                                                                                                                                                                                                                                                                                                                                            
  RhythmBlocksAPI.js             |       0 |        0 |       0 |       0 | 37-120                                                                                                                                                                                                                                                                                                                                                                                                                                                                                                                                                                                                                                                                                                                                                                                                                                                                                                                                                                                                                                                                                                                                                                                                                                                                                                                                                                                                                                                                                                                                                                                                                            
  ToneBlocksAPI.js               |       0 |        0 |       0 |       0 | 37-136                                                                                                                                                                                                                                                                                                                                                                                                                                                                                                                                                                                                                                                                                                                                                                                                                                                                                                                                                                                                                                                                                                                                                                                                                                                                                                                                                                                                                                                                                                                                                                                                                            
  VolumeBlocksAPI.js             |       0 |        0 |       0 |       0 | 31-65                                                                                                                                                                                                                                                                                                                                                                                                                                                                                                                                                                                                                                                                                                                                                                                                                                                                                                                                                                                                                                                                                                                                                                                                                                                                                                                                                                                                                                                                                                                                                                                                                             
 js/js-export/samples            |       0 |      100 |     100 |       0 |                                                                                                                                                                                                                                                                                                                                                                                                                                                                                                                                                                                                                                                                                                                                                                                                                                                                                                                                                                                                                                                                                                                                                                                                                                                                                                                                                                                                                                                                                                                                                                                                                                   
  sample.js                      |       0 |      100 |     100 |       0 | 19-299                                                                                                                                                                                                                                                                                                                                                                                                                                                                                                                                                                                                                                                                                                                                                                                                                                                                                                                                                                                                                                                                                                                                                                                                                                                                                                                                                                                                                                                                                                                                                                                                                            
 js/palette                      |       0 |        0 |       0 |       0 |                                                                                                                                                                                                                                                                                                                                                                                                                                                                                                                                                                                                                                                                                                                                                                                                                                                                                                                                                                                                                                                                                                                                                                                                                                                                                                                                                                                                                                                                                                                                                                                                                                   
  palette-loader.js              |       0 |        0 |       0 |       0 | 31-143                                                                                                                                                                                                                                                                                                                                                                                                                                                                                                                                                                                                                                                                                                                                                                                                                                                                                                                                                                                                                                                                                                                                                                                                                                                                                                                                                                                                                                                                                                                                                                                                                            
 js/turtleactions                |       0 |        0 |       0 |       0 |                                                                                                                                                                                                                                                                                                                                                                                                                                                                                                                                                                                                                                                                                                                                                                                                                                                                                                                                                                                                                                                                                                                                                                                                                                                                                                                                                                                                                                                                                                                                                                                                                                   
  DictActions.js                 |       0 |        0 |       0 |       0 | 52-289                                                                                                                                                                                                                                                                                                                                                                                                                                                                                                                                                                                                                                                                                                                                                                                                                                                                                                                                                                                                                                                                                                                                                                                                                                                                                                                                                                                                                                                                                                                                                                                                                            
  DrumActions.js                 |       0 |        0 |       0 |       0 | 52-246                                                                                                                                                                                                                                                                                                                                                                                                                                                                                                                                                                                                                                                                                                                                                                                                                                                                                                                                                                                                                                                                                                                                                                                                                                                                                                                                                                                                                                                                                                                                                                                                                            
  IntervalsActions.js            |       0 |        0 |       0 |       0 | 57-571                                                                                                                                                                                                                                                                                                                                                                                                                                                                                                                                                                                                                                                                                                                                                                                                                                                                                                                                                                                                                                                                                                                                                                                                                                                                                                                                                                                                                                                                                                                                                                                                                            
  MeterActions.js                |       0 |        0 |       0 |       0 | 54-366                                                                                                                                                                                                                                                                                                                                                                                                                                                                                                                                                                                                                                                                                                                                                                                                                                                                                                                                                                                                                                                                                                                                                                                                                                                                                                                                                                                                                                                                                                                                                                                                                            
  OrnamentActions.js             |       0 |        0 |       0 |       0 | 36-141                                                                                                                                                                                                                                                                                                                                                                                                                                                                                                                                                                                                                                                                                                                                                                                                                                                                                                                                                                                                                                                                                                                                                                                                                                                                                                                                                                                                                                                                                                                                                                                                                            
  PitchActions.js                |       0 |        0 |       0 |       0 | 58-792                                                                                                                                                                                                                                                                                                                                                                                                                                                                                                                                                                                                                                                                                                                                                                                                                                                                                                                                                                                                                                                                                                                                                                                                                                                                                                                                                                                                                                                                                                                                                                                                                            
  RhythmActions.js               |       0 |        0 |       0 |       0 | 40-497                                                                                                                                                                                                                                                                                                                                                                                                                                                                                                                                                                                                                                                                                                                                                                                                                                                                                                                                                                                                                                                                                                                                                                                                                                                                                                                                                                                                                                                                                                                                                                                                                            
  ToneActions.js                 |       0 |        0 |       0 |       0 | 47-516                                                                                                                                                                                                                                                                                                                                                                                                                                                                                                                                                                                                                                                                                                                                                                                                                                                                                                                                                                                                                                                                                                                                                                                                                                                                                                                                                                                                                                                                                                                                                                                                                            
  VolumeActions.js               |       0 |        0 |       0 |       0 | 49-334                                                                                                                                                                                                                                                                                                                                                                                                                                                                                                                                                                                                                                                                                                                                                                                                                                                                                                                                                                                                                                                                                                                                                                                                                                                                                                                                                                                                                                                                                                                                                                                                                            
 js/utils                        |   32.69 |    29.38 |   22.52 |    32.8 |                                                                                                                                                                                                                                                                                                                                                                                                                                                                                                                                                                                                                                                                                                                                                                                                                                                                                                                                                                                                                                                                                                                                                                                                                                                                                                                                                                                                                                                                                                                                                                                                                                   
  ManagedTimer.js                |       0 |        0 |       0 |       0 | 56-312                                                                                                                                                                                                                                                                                                                                                                                                                                                                                                                                                                                                                                                                                                                                                                                                                                                                                                                                                                                                                                                                                                                                                                                                                                                                                                                                                                                                                                                                                                                                                                                                                            
  abcLoader.js                   |       0 |        0 |       0 |       0 | 31-94                                                                                                                                                                                                                                                                                                                                                                                                                                                                                                                                                                                                                                                                                                                                                                                                                                                                                                                                                                                                                                                                                                                                                                                                                                                                                                                                                                                                                                                                                                                                                                                                                             
  ai-widget-lifecycle.js         |       0 |        0 |       0 |       0 | 42-189                                                                                                                                                                                                                                                                                                                                                                                                                                                                                                                                                                                                                                                                                                                                                                                                                                                                                                                                                                                                                                                                                                                                                                                                                                                                                                                                                                                                                                                                                                                                                                                                                            
  browser-utils.js               |       0 |        0 |       0 |       0 | 34-166                                                                                                                                                                                                                                                                                                                                                                                                                                                                                                                                                                                                                                                                                                                                                                                                                                                                                                                                                                                                                                                                                                                                                                                                                                                                                                                                                                                                                                                                                                                                                                                                                            
  camera-utils.js                |       0 |        0 |       0 |       0 | 17-247                                                                                                                                                                                                                                                                                                                                                                                                                                                                                                                                                                                                                                                                                                                                                                                                                                                                                                                                                                                                                                                                                                                                                                                                                                                                                                                                                                                                                                                                                                                                                                                                                            
  debugLog.js                    |       0 |        0 |       0 |       0 | 43-80                                                                                                                                                                                                                                                                                                                                                                                                                                                                                                                                                                                                                                                                                                                                                                                                                                                                                                                                                                                                                                                                                                                                                                                                                                                                                                                                                                                                                                                                                                                                                                                                                             
  dom-helpers.js                 |       0 |        0 |       0 |       0 | 29-210                                                                                                                                                                                                                                                                                                                                                                                                                                                                                                                                                                                                                                                                                                                                                                                                                                                                                                                                                                                                                                                                                                                                                                                                                                                                                                                                                                                                                                                                                                                                                                                                                            
  error-handler.js               |       0 |        0 |       0 |       0 | 35-113                                                                                                                                                                                                                                                                                                                                                                                                                                                                                                                                                                                                                                                                                                                                                                                                                                                                                                                                                                                                                                                                                                                                                                                                                                                                                                                                                                                                                                                                                                                                                                                                                            
  http-utils.js                  |       0 |        0 |       0 |       0 | 23-134                                                                                                                                                                                                                                                                                                                                                                                                                                                                                                                                                                                                                                                                                                                                                                                                                                                                                                                                                                                                                                                                                                                                                                                                                                                                                                                                                                                                                                                                                                                                                                                                                            
  jquery-setup.js                |       0 |        0 |       0 |       0 | 23-102                                                                                                                                                                                                                                                                                                                                                                                                                                                                                                                                                                                                                                                                                                                                                                                                                                                                                                                                                                                                                                                                                                                                                                                                                                                                                                                                                                                                                                                                                                                                                                                                                            
  language-utils.js              |       0 |        0 |       0 |       0 | 23-62                                                                                                                                                                                                                                                                                                                                                                                                                                                                                                                                                                                                                                                                                                                                                                                                                                                                                                                                                                                                                                                                                                                                                                                                                                                                                                                                                                                                                                                                                                                                                                                                                             
  macro-utils.js                 |       0 |        0 |       0 |       0 | 17-77                                                                                                                                                                                                                                                                                                                                                                                                                                                                                                                                                                                                                                                                                                                                                                                                                                                                                                                                                                                                                                                                                                                                                                                                                                                                                                                                                                                                                                                                                                                                                                                                                             
  mathutils.js                   |       0 |        0 |       0 |       0 | 64-370                                                                                                                                                                                                                                                                                                                                                                                                                                                                                                                                                                                                                                                                                                                                                                                                                                                                                                                                                                                                                                                                                                                                                                                                                                                                                                                                                                                                                                                                                                                                                                                                                            
  mb-dialog.js                   |       0 |        0 |       0 |       0 | 36-351                                                                                                                                                                                                                                                                                                                                                                                                                                                                                                                                                                                                                                                                                                                                                                                                                                                                                                                                                                                                                                                                                                                                                                                                                                                                                                                                                                                                                                                                                                                                                                                                                            
  munsell.js                     |       0 |        0 |       0 |       0 | 23-6886                                                                                                                                                                                                                                                                                                                                                                                                                                                                                                                                                                                                                                                                                                                                                                                                                                                                                                                                                                                                                                                                                                                                                                                                                                                                                                                                                                                                                                                                                                                                                                                                                           
  musicutils.js                  |   75.74 |    69.53 |   93.89 |   75.41 | 1098-1099,1105,1109,1639,1881,1892-1897,1902-1920,2959,2968,2977,3184,3267,3274,3289,3298-3302,3344-3349,3360,3367,3383,3385,3409,3411,3421,3440-3445,3458,3491,3511-3512,3530,3546,3571,3583,3608,3627,3654-3661,3697,3728,3743,3746,3758,3776-3787,3835,3842,3873-3897,3916,3976,3998-3999,4001-4002,4004-4005,4009,4083-4087,4109,4121-4122,4139,4171-4172,4178-4179,4184-4200,4210-4216,4230-4231,4236-4237,4243-4244,4249-4262,4268-4281,4291-4295,4300-4316,4322-4339,4356-4360,4365-4381,4387-4401,4419-4429,4434-4450,4456-4462,4519,4533-4540,4621,4630-4636,4665-4666,4703,4706-4713,4746,4757,4759,4763,4825,4859,4870-4873,4880,4895,4908,4923,4932,4943-4944,4951,4963,4990,5009,5028,5046,5104-5113,5127,5231,5246,5248-5249,5265,5276,5310,5330-5338,5357,5359,5367,5378,5390,5396,5404,5409,5417,5422,5430,5435,5444,5449,5457,5462,5481-5482,5497-5498,5535,5612,5616-5623,5628,5633-5634,5654-5657,5668-5671,5694,5707,5709-5710,5712,5714,5716,5745,5757,5802-5803,5816,5833,5838-5844,5849,5857,5862,5866,5881,5893-5898,5900-5905,5925-6029,6132-6140,6147,6153-6179,6273-6276,6281,6323-6324,6335,6345,6383,6391,6406-6407,6422-6423,6443-6446,6480,6496,6512,6514,6516,6518,6520,6522,6524,6526,6528,6530,6556,6562,6567-6573,6585-6604,6612-6625,6639,6658-6659,6765-6772,6793,6795,6797,6799,6825-6833,6843-6846,6872,6875,6877,6879,6905,6912-6914,6919,6926-6928,6937,6947,6954-6956,6961,6968-6970,6985,6988,6990,6993-6994,7068,7076-7077,7084,7090,7096,7106-7126,7129-7149,7165,7225,7285-7289,7338,7345-7347,7409,7554-7571,7593,7616,7669,7717,7779,7872,7944,7948,7986-7989,7996-8000,8003-8007 
  performanceTracker.js          |       0 |        0 |       0 |       0 | 38-345                                                                                                                                                                                                                                                                                                                                                                                                                                                                                                                                                                                                                                                                                                                                                                                                                                                                                                                                                                                                                                                                                                                                                                                                                                                                                                                                                                                                                                                                                                                                                                                                                            
  platformstyle.js               |       0 |        0 |       0 |       0 | 32-569                                                                                                                                                                                                                                                                                                                                                                                                                                                                                                                                                                                                                                                                                                                                                                                                                                                                                                                                                                                                                                                                                                                                                                                                                                                                                                                                                                                                                                                                                                                                                                                                                            
  plugin-utils.js                |       0 |        0 |       0 |       0 | 18-637                                                                                                                                                                                                                                                                                                                                                                                                                                                                                                                                                                                                                                                                                                                                                                                                                                                                                                                                                                                                                                                                                                                                                                                                                                                                                                                                                                                                                                                                                                                                                                                                                            
  retryWithBackoff.js            |       0 |        0 |       0 |       0 | 79-120                                                                                                                                                                                                                                                                                                                                                                                                                                                                                                                                                                                                                                                                                                                                                                                                                                                                                                                                                                                                                                                                                                                                                                                                                                                                                                                                                                                                                                                                                                                                                                                                                            
  sessionManager.js              |       0 |        0 |       0 |       0 | 30-188                                                                                                                                                                                                                                                                                                                                                                                                                                                                                                                                                                                                                                                                                                                                                                                                                                                                                                                                                                                                                                                                                                                                                                                                                                                                                                                                                                                                                                                                                                                                                                                                                            
  synthutils.js                  |       0 |        0 |       0 |       0 | 59-4018                                                                                                                                                                                                                                                                                                                                                                                                                                                                                                                                                                                                                                                                                                                                                                                                                                                                                                                                                                                                                                                                                                                                                                                                                                                                                                                                                                                                                                                                                                                                                                                                                           
  tuningformats.js               |   10.97 |     5.63 |       0 |   11.25 | 29-121,126-148                                                                                                                                                                                                                                                                                                                                                                                                                                                                                                                                                                                                                                                                                                                                                                                                                                                                                                                                                                                                                                                                                                                                                                                                                                                                                                                                                                                                                                                                                                                                                                                                                    
  utils-logic.js                 |       0 |        0 |       0 |       0 | 31-762                                                                                                                                                                                                                                                                                                                                                                                                                                                                                                                                                                                                                                                                                                                                                                                                                                                                                                                                                                                                                                                                                                                                                                                                                                                                                                                                                                                                                                                                                                                                                                                                                            
  utils.js                       |       0 |        0 |       0 |       0 | 35-499                                                                                                                                                                                                                                                                                                                                                                                                                                                                                                                                                                                                                                                                                                                                                                                                                                                                                                                                                                                                                                                                                                                                                                                                                                                                                                                                                                                                                                                                                                                                                                                                                            
  zoomOverlay.js                 |       0 |        0 |       0 |       0 | 2-68                                                                                                                                                                                                                                                                                                                                                                                                                                                                                                                                                                                                                                                                                                                                                                                                                                                                                                                                                                                                                                                                                                                                                                                                                                                                                                                                                                                                                                                                                                                                                                                                                              
 js/utils/__tests__              |       0 |        0 |       0 |       0 |                                                                                                                                                                                                                                                                                                                                                                                                                                                                                                                                                                                                                                                                                                                                                                                                                                                                                                                                                                                                                                                                                                                                                                                                                                                                                                                                                                                                                                                                                                                                                                                                                                   
  tonemock.js                    |       0 |        0 |       0 |       0 | 22-349                                                                                                                                                                                                                                                                                                                                                                                                                                                                                                                                                                                                                                                                                                                                                                                                                                                                                                                                                                                                                                                                                                                                                                                                                                                                                                                                                                                                                                                                                                                                                                                                                            
 js/widgets                      |       0 |        0 |       0 |       0 |                                                                                                                                                                                                                                                                                                                                                                                                                                                                                                                                                                                                                                                                                                                                                                                                                                                                                                                                                                                                                                                                                                                                                                                                                                                                                                                                                                                                                                                                                                                                                                                                                                   
  PhraseMakerAudio.js            |       0 |        0 |       0 |       0 | 19-705                                                                                                                                                                                                                                                                                                                                                                                                                                                                                                                                                                                                                                                                                                                                                                                                                                                                                                                                                                                                                                                                                                                                                                                                                                                                                                                                                                                                                                                                                                                                                                                                                            
  PhraseMakerGrid.js             |       0 |        0 |       0 |       0 | 17-273                                                                                                                                                                                                                                                                                                                                                                                                                                                                                                                                                                                                                                                                                                                                                                                                                                                                                                                                                                                                                                                                                                                                                                                                                                                                                                                                                                                                                                                                                                                                                                                                                            
  PhraseMakerUI.js               |       0 |        0 |       0 |       0 | 19-187                                                                                                                                                                                                                                                                                                                                                                                                                                                                                                                                                                                                                                                                                                                                                                                                                                                                                                                                                                                                                                                                                                                                                                                                                                                                                                                                                                                                                                                                                                                                                                                                                            
  PhraseMakerUtils.js            |       0 |        0 |       0 |       0 | 17-99                                                                                                                                                                                                                                                                                                                                                                                                                                                                                                                                                                                                                                                                                                                                                                                                                                                                                                                                                                                                                                                                                                                                                                                                                                                                                                                                                                                                                                                                                                                                                                                                                             
  aidebugger.js                  |       0 |        0 |       0 |       0 | 14-1464                                                                                                                                                                                                                                                                                                                                                                                                                                                                                                                                                                                                                                                                                                                                                                                                                                                                                                                                                                                                                                                                                                                                                                                                                                                                                                                                                                                                                                                                                                                                                                                                                           
  aiwidget.js                    |       0 |        0 |       0 |       0 | 22-1353                                                                                                                                                                                                                                                                                                                                                                                                                                                                                                                                                                                                                                                                                                                                                                                                                                                                                                                                                                                                                                                                                                                                                                                                                                                                                                                                                                                                                                                                                                                                                                                                                           
  arpeggio.js                    |       0 |        0 |       0 |       0 | 35-1059                                                                                                                                                                                                                                                                                                                                                                                                                                                                                                                                                                                                                                                                                                                                                                                                                                                                                                                                                                                                                                                                                                                                                                                                                                                                                                                                                                                                                                                                                                                                                                                                                           
  help.js                        |       0 |        0 |       0 |       0 | 13-972                                                                                                                                                                                                                                                                                                                                                                                                                                                                                                                                                                                                                                                                                                                                                                                                                                                                                                                                                                                                                                                                                                                                                                                                                                                                                                                                                                                                                                                                                                                                                                                                                            
  jseditor.js                    |       0 |        0 |       0 |       0 | 34-1385                                                                                                                                                                                                                                                                                                                                                                                                                                                                                                                                                                                                                                                                                                                                                                                                                                                                                                                                                                                                                                                                                                                                                                                                                                                                                                                                                                                                                                                                                                                                                                                                                           
  legobricks.js                  |       0 |        0 |       0 |       0 | 12-3345                                                                                                                                                                                                                                                                                                                                                                                                                                                                                                                                                                                                                                                                                                                                                                                                                                                                                                                                                                                                                                                                                                                                                                                                                                                                                                                                                                                                                                                                                                                                                                                                                           
  meterwidget.js                 |       0 |        0 |       0 |       0 | 58-740                                                                                                                                                                                                                                                                                                                                                                                                                                                                                                                                                                                                                                                                                                                                                                                                                                                                                                                                                                                                                                                                                                                                                                                                                                                                                                                                                                                                                                                                                                                                                                                                                            
  modewidget.js                  |       0 |        0 |       0 |       0 | 39-1971                                                                                                                                                                                                                                                                                                                                                                                                                                                                                                                                                                                                                                                                                                                                                                                                                                                                                                                                                                                                                                                                                                                                                                                                                                                                                                                                                                                                                                                                                                                                                                                                                           
  musickeyboard.js               |       0 |        0 |       0 |       0 | 46-3921                                                                                                                                                                                                                                                                                                                                                                                                                                                                                                                                                                                                                                                                                                                                                                                                                                                                                                                                                                                                                                                                                                                                                                                                                                                                                                                                                                                                                                                                                                                                                                                                                           
  oscilloscope.js                |       0 |        0 |       0 |       0 | 42-419                                                                                                                                                                                                                                                                                                                                                                                                                                                                                                                                                                                                                                                                                                                                                                                                                                                                                                                                                                                                                                                                                                                                                                                                                                                                                                                                                                                                                                                                                                                                                                                                                            
  phrasemaker.js                 |       0 |        0 |       0 |       0 | 57-5180                                                                                                                                                                                                                                                                                                                                                                                                                                                                                                                                                                                                                                                                                                                                                                                                                                                                                                                                                                                                                                                                                                                                                                                                                                                                                                                                                                                                                                                                                                                                                                                                                           
  pitchdrummatrix.js             |       0 |        0 |       0 |       0 | 47-1045                                                                                                                                                                                                                                                                                                                                                                                                                                                                                                                                                                                                                                                                                                                                                                                                                                                                                                                                                                                                                                                                                                                                                                                                                                                                                                                                                                                                                                                                                                                                                                                                                           
  pitchslider.js                 |       0 |        0 |       0 |       0 | 27-294                                                                                                                                                                                                                                                                                                                                                                                                                                                                                                                                                                                                                                                                                                                                                                                                                                                                                                                                                                                                                                                                                                                                                                                                                                                                                                                                                                                                                                                                                                                                                                                                                            
  pitchstaircase.js              |       0 |        0 |       0 |       0 | 42-978                                                                                                                                                                                                                                                                                                                                                                                                                                                                                                                                                                                                                                                                                                                                                                                                                                                                                                                                                                                                                                                                                                                                                                                                                                                                                                                                                                                                                                                                                                                                                                                                                            
  plugin-dialog.js               |       0 |        0 |       0 |       0 | 35-324                                                                                                                                                                                                                                                                                                                                                                                                                                                                                                                                                                                                                                                                                                                                                                                                                                                                                                                                                                                                                                                                                                                                                                                                                                                                                                                                                                                                                                                                                                                                                                                                                            
  reflection.js                  |       0 |        0 |       0 |       0 | 16-925                                                                                                                                                                                                                                                                                                                                                                                                                                                                                                                                                                                                                                                                                                                                                                                                                                                                                                                                                                                                                                                                                                                                                                                                                                                                                                                                                                                                                                                                                                                                                                                                                            
  rhythmruler.js                 |       0 |        0 |       0 |       0 | 68-3577                                                                                                                                                                                                                                                                                                                                                                                                                                                                                                                                                                                                                                                                                                                                                                                                                                                                                                                                                                                                                                                                                                                                                                                                                                                                                                                                                                                                                                                                                                                                                                                                                           
  sampler.js                     |       0 |        0 |       0 |       0 | 24-2617                                                                                                                                                                                                                                                                                                                                                                                                                                                                                                                                                                                                                                                                                                                                                                                                                                                                                                                                                                                                                                                                                                                                                                                                                                                                                                                                                                                                                                                                                                                                                                                                                           
  statistics.js                  |       0 |        0 |       0 |       0 | 27-225                                                                                                                                                                                                                                                                                                                                                                                                                                                                                                                                                                                                                                                                                                                                                                                                                                                                                                                                                                                                                                                                                                                                                                                                                                                                                                                                                                                                                                                                                                                                                                                                                            
  status.js                      |       0 |        0 |       0 |       0 | 19-483                                                                                                                                                                                                                                                                                                                                                                                                                                                                                                                                                                                                                                                                                                                                                                                                                                                                                                                                                                                                                                                                                                                                                                                                                                                                                                                                                                                                                                                                                                                                                                                                                            
  temperament.js                 |       0 |        0 |       0 |       0 | 34-3161                                                                                                                                                                                                                                                                                                                                                                                                                                                                                                                                                                                                                                                                                                                                                                                                                                                                                                                                                                                                                                                                                                                                                                                                                                                                                                                                                                                                                                                                                                                                                                                                                           
  tempo.js                       |       0 |        0 |       0 |       0 | 35-839                                                                                                                                                                                                                                                                                                                                                                                                                                                                                                                                                                                                                                                                                                                                                                                                                                                                                                                                                                                                                                                                                                                                                                                                                                                                                                                                                                                                                                                                                                                                                                                                                            
  timbre.js                      |       0 |        0 |       0 |       0 | 43-2922                                                                                                                                                                                                                                                                                                                                                                                                                                                                                                                                                                                                                                                                                                                                                                                                                                                                                                                                                                                                                                                                                                                                                                                                                                                                                                                                                                                                                                                                                                                                                                                                                           
  tuner.js                       |       0 |        0 |       0 |       0 | 6-265                                                                                                                                                                                                                                                                                                                                                                                                                                                                                                                                                                                                                                                                                                                                                                                                                                                                                                                                                                                                                                                                                                                                                                                                                                                                                                                                                                                                                                                                                                                                                                                                                             
  widgetWindows.js               |       0 |        0 |       0 |       0 | 20-996                                                                                                                                                                                                                                                                                                                                                                                                                                                                                                                                                                                                                                                                                                                                                                                                                                                                                                                                                                                                                                                                                                                                                                                                                                                                                                                                                                                                                                                                                                                                                                                                                            
 planet/js                       |       0 |        0 |       0 |       0 |                                                                                                                                                                                                                                                                                                                                                                                                                                                                                                                                                                                                                                                                                                                                                                                                                                                                                                                                                                                                                                                                                                                                                                                                                                                                                                                                                                                                                                                                                                                                                                                                                                   
  CacheManager.js                |       0 |        0 |       0 |       0 | 20-497                                                                                                                                                                                                                                                                                                                                                                                                                                                                                                                                                                                                                                                                                                                                                                                                                                                                                                                                                                                                                                                                                                                                                                                                                                                                                                                                                                                                                                                                                                                                                                                                                            
  Converter.js                   |       0 |        0 |       0 |       0 | 20-69                                                                                                                                                                                                                                                                                                                                                                                                                                                                                                                                                                                                                                                                                                                                                                                                                                                                                                                                                                                                                                                                                                                                                                                                                                                                                                                                                                                                                                                                                                                                                                                                                             
  GlobalCard.js                  |       0 |        0 |       0 |       0 | 25-309                                                                                                                                                                                                                                                                                                                                                                                                                                                                                                                                                                                                                                                                                                                                                                                                                                                                                                                                                                                                                                                                                                                                                                                                                                                                                                                                                                                                                                                                                                                                                                                                                            
  GlobalPlanet.js                |       0 |        0 |       0 |       0 | 25-644                                                                                                                                                                                                                                                                                                                                                                                                                                                                                                                                                                                                                                                                                                                                                                                                                                                                                                                                                                                                                                                                                                                                                                                                                                                                                                                                                                                                                                                                                                                                                                                                                            
  GlobalTag.js                   |       0 |        0 |       0 |       0 | 55-127                                                                                                                                                                                                                                                                                                                                                                                                                                                                                                                                                                                                                                                                                                                                                                                                                                                                                                                                                                                                                                                                                                                                                                                                                                                                                                                                                                                                                                                                                                                                                                                                                            
  LocalCard.js                   |       0 |        0 |       0 |       0 | 25-207                                                                                                                                                                                                                                                                                                                                                                                                                                                                                                                                                                                                                                                                                                                                                                                                                                                                                                                                                                                                                                                                                                                                                                                                                                                                                                                                                                                                                                                                                                                                                                                                                            
  LocalPlanet.js                 |       0 |        0 |       0 |       0 | 25-140                                                                                                                                                                                                                                                                                                                                                                                                                                                                                                                                                                                                                                                                                                                                                                                                                                                                                                                                                                                                                                                                                                                                                                                                                                                                                                                                                                                                                                                                                                                                                                                                                            
  Planet.js                      |       0 |        0 |       0 |       0 | 26-263                                                                                                                                                                                                                                                                                                                                                                                                                                                                                                                                                                                                                                                                                                                                                                                                                                                                                                                                                                                                                                                                                                                                                                                                                                                                                                                                                                                                                                                                                                                                                                                                                            
  ProjectStorage.js              |       0 |        0 |       0 |       0 | 25-337                                                                                                                                                                                                                                                                                                                                                                                                                                                                                                                                                                                                                                                                                                                                                                                                                                                                                                                                                                                                                                                                                                                                                                                                                                                                                                                                                                                                                                                                                                                                                                                                                            
  ProjectViewer.js               |       0 |        0 |       0 |       0 | 25-218                                                                                                                                                                                                                                                                                                                                                                                                                                                                                                                                                                                                                                                                                                                                                                                                                                                                                                                                                                                                                                                                                                                                                                                                                                                                                                                                                                                                                                                                                                                                                                                                                            
  Publisher.js                   |       0 |        0 |       0 |       0 | 25-428                                                                                                                                                                                                                                                                                                                                                                                                                                                                                                                                                                                                                                                                                                                                                                                                                                                                                                                                                                                                                                                                                                                                                                                                                                                                                                                                                                                                                                                                                                                                                                                                                            
  RequestManager.js              |       0 |        0 |       0 |       0 | 30-327                                                                                                                                                                                                                                                                                                                                                                                                                                                                                                                                                                                                                                                                                                                                                                                                                                                                                                                                                                                                                                                                                                                                                                                                                                                                                                                                                                                                                                                                                                                                                                                                                            
  SaveInterface.js               |       0 |        0 |       0 |       0 | 25-122                                                                                                                                                                                                                                                                                                                                                                                                                                                                                                                                                                                                                                                                                                                                                                                                                                                                                                                                                                                                                                                                                                                                                                                                                                                                                                                                                                                                                                                                                                                                                                                                                            
  ServerInterface.js             |       0 |        0 |       0 |       0 | 26-299                                                                                                                                                                                                                                                                                                                                                                                                                                                                                                                                                                                                                                                                                                                                                                                                                                                                                                                                                                                                                                                                                                                                                                                                                                                                                                                                                                                                                                                                                                                                                                                                                            
  StringHelper.js                |       0 |        0 |       0 |       0 | 28-209                                                                                                                                                                                                                                                                                                                                                                                                                                                                                                                                                                                                                                                                                                                                                                                                                                                                                                                                                                                                                                                                                                                                                                                                                                                                                                                                                                                                                                                                                                                                                                                                                            
  helper.js                      |       0 |        0 |       0 |       0 | 32-182                                                                                                                                                                                                                                                                                                                                                                                                                                                                                                                                                                                                                                                                                                                                                                                                                                                                                                                                                                                                                                                                                                                                                                                                                                                                                                                                                                                                                                                                                                                                                                                                                            
  main.js                        |       0 |        0 |       0 |       0 | 26-74                                                                                                                                                                                                                                                                                                                                                                                                                                                                                                                                                                                                                                                                                                                                                                                                                                                                                                                                                                                                                                                                                                                                                                                                                                                                                                                                                                                                                                                                                                                                                                                                                             
  utils.js                       |       0 |        0 |       0 |       0 |                                                                                                                                                                                                                                                                                                                                                                                                                                                                                                                                                                                                                                                                                                                                                                                                                                                                                                                                                                                                                                                                                                                                                                                                                                                                                                                                                                                                                                                                                                                                                                                                                                   
---------------------------------|---------|----------|---------|---------|-----------------------------------------------------------------------------------------------------------------------------------------------------------------------------------------------------------------------------------------------------------------------------------------------------------------------------------------------------------------------------------------------------------------------------------------------------------------------------------------------------------------------------------------------------------------------------------------------------------------------------------------------------------------------------------------------------------------------------------------------------------------------------------------------------------------------------------------------------------------------------------------------------------------------------------------------------------------------------------------------------------------------------------------------------------------------------------------------------------------------------------------------------------------------------------------------------------------------------------------------------------------------------------------------------------------------------------------------------------------------------------------------------------------------------------------------------------------------------------------------------------------------------------------------------------------------------------------------------------------------------------
Test Suites: 1 failed, 1 total
Tests:       1 failed, 638 passed, 639 total
Snapshots:   0 total
Time:        9.954 s
Ran all test suites matching /js\/utils\/__tests__\/musicutils.test.js/i.
